Microchip Technology Inc, vv3_24 (A) >

Tool Name:
  c:\program files\microchip\mplab c30\bin\bin\..\bin/pic30-coff-ld.exe

Command:
  -p33FJ256GP710A \
  -oProPilot.cof \
  -Lc:/program files/microchip/mplab c30/bin/bin/.. \
  -Lc:/program files/microchip/mplab c30/bin/bin/../../lib \
  -Lc:/program files/microchip/mplab c30/bin/bin/../../support/generic/gld \
  -Lc:/program files/microchip/mplab c30/bin/bin/../../lib/PIC24F \
  -Lc:/program files/microchip/mplab c30/bin/bin/../../support/PIC24F/gld \
  -Lc:/program files/microchip/mplab c30/bin/bin/../../lib/PIC24H \
  -Lc:/program files/microchip/mplab c30/bin/bin/../../support/PIC24H/gld \
  -Lc:/program files/microchip/mplab c30/bin/bin/../../lib/dsPIC30F \
  -Lc:/program files/microchip/mplab c30/bin/bin/../../support/dsPIC30F/gld \
  -Lc:/program files/microchip/mplab c30/bin/bin/../../lib/dsPIC33F \
  -Lc:/program files/microchip/mplab c30/bin/bin/../../support/dsPIC33F/gld \
  build\udb4\altitudeCntrl.o \
  build\udb4\behavior.o \
  build\udb4\cameraCntrl.o \
  build\udb4\main.o \
  build\udb4\navigate.o \
  build\udb4\pitchCntrl.o \
  build\udb4\rollCntrl.o \
  build\udb4\servoMix.o \
  build\udb4\states.o \
  build\udb4\yawCntrl.o \
  build\udb4\libUDB.o \
  build\udb4\telemetry.o \
  build\udb4\servoPrepare.o \
  build\udb4\estWind.o \
  build\udb4\estYawDrift.o \
  build\udb4\gpsParseCommon.o \
  build\udb4\gpsParseSTD.o \
  build\udb4\gpsParseUBX.o \
  build\udb4\mathlibNAV.o \
  build\udb4\rmat.o \
  build\udb4\libDCM.o \
  build\udb4\flightplan-waypoints.o \
  build\udb4\flightplan-logo.o \
  build\udb4\deadReckoning.o \
  build\udb4\mp_osd.o \
  build\udb4\background.o \
  build\udb4\magneto_aspg.o \
  build\udb4\osd.o \
  build\udb4\radioIn_aspg.o \
  build\udb4\serialIO_aspg.o \
  build\udb4\servoOut_aspg.o \
  build\udb4\filter_aspg.o \
  build\udb4\eeprom_aspg.o \
  build\udb4\I2C_aspg.o \
  build\udb4\analog2digital_aspg.o \
  build\udb4\filter_aspg_I2C.o \
  build\udb4\FIR_Filter.o \
  build\udb4\SuperSample.o \
  build\udb4\averageSample.o \
  build\udb4\MAVLink.o \
  build\udb4\traps_udb_asm.o \
  build\udb4\protocol.o \
  C:\Program Files\Microchip\MPLAB C30\lib\libdsp-coff.a \
  -LC:\Program Files\Microchip\MPLAB C30\lib \
  -Tp33FJ256GP710A.gld.00 \
  --defsym=__MPLAB_BUILD=1 \
  --defsym=__MPLAB_DEBUG=1 \
  --defsym=__MPLAB_DEBUGGER_PK3=1 \
  --defsym=__ICD2RAM=1 \
  -Map=ProPilot.map \
  --report-mem \
  --cref \
  --warn-section-align \
  -start-group \
  --library=pic30-coff \
  --library=m-coff \
  --library=c-coff \
  -end-group \

Archive member included because of file (symbol)

C:\Program Files\Microchip\MPLAB C30\lib\libdsp-coff.a(vdot.obj)
                              build\udb4\rmat.o (VectorDotProduct)
C:\Program Files\Microchip\MPLAB C30\lib\libdsp-coff.a(vadd.obj)
                              build\udb4\rmat.o (VectorAdd)
C:\Program Files\Microchip\MPLAB C30\lib\libdsp-coff.a(vscl.obj)
                              build\udb4\rmat.o (VectorScale)
C:\Program Files\Microchip\MPLAB C30\lib\libdsp-coff.a(mmul.obj)
                              build\udb4\rmat.o (MatrixMultiply)
C:\Program Files\Microchip\MPLAB C30\lib\libdsp-coff.a(madd.obj)
                              build\udb4\rmat.o (MatrixAdd)
C:\Program Files\Microchip\MPLAB C30\lib\libdsp-coff.a(vpow.obj)
                              build\udb4\rmat.o (VectorPower)
C:\Program Files\Microchip\MPLAB C30\lib\libdsp-coff.a(vsub.obj)
                              build\udb4\rmat.o (VectorSubtract)
C:\Program Files\Microchip\MPLAB C30\lib\libdsp-coff.a(vcopy.obj)
                              build\udb4\rmat.o (VectorCopy)
c:/program files/microchip/mplab c30/bin/bin/../../lib\libpic30-coff.a(crt0_standard.o)
                              (_resetPRI)
c:/program files/microchip/mplab c30/bin/bin/../../lib\libpic30-coff.a(data_init_standard.o)
                              c:/program files/microchip/mplab c30/bin/bin/../../lib\libpic30-coff.a(crt0_standard.o) (_data_init_standard)
c:/program files/microchip/mplab c30/bin/bin/../../lib\libm-coff.a(divsi3.o)
                              build\udb4\navigate.o (__divsi3)
c:/program files/microchip/mplab c30/bin/bin/../../lib\libm-coff.a(floatsisf.o)
                              build\udb4\yawCntrl.o (__floatsisf)
c:/program files/microchip/mplab c30/bin/bin/../../lib\libm-coff.a(mulsf3.o)
                              build\udb4\yawCntrl.o (__mulsf3)
c:/program files/microchip/mplab c30/bin/bin/../../lib\libm-coff.a(fixsfsi.o)
                              build\udb4\yawCntrl.o (__fixsfsi)
c:/program files/microchip/mplab c30/bin/bin/../../lib\libm-coff.a(udivsi3.o)
                              build\udb4\background.o (__udivsi3)
c:/program files/microchip/mplab c30/bin/bin/../../lib\libm-coff.a(divsf3.o)
                              build\udb4\MAVLink.o (__divsf3)
[...]
Memory Configuration

Name             Origin             Length             Attributes
data             0x000800           0x007800           a !xr
reset            0x000000           0x000004  
ivt              0x000004           0x0000fc  
aivt             0x000104           0x0000fc  
program          0x000200           0x02aa00           xr
FBS              0xf80000           0x000002  
FSS              0xf80002           0x000002  
FGS              0xf80004           0x000002  
FOSCSEL          0xf80006           0x000002  
FOSC             0xf80008           0x000002  
FWDT             0xf8000a           0x000002  
FPOR             0xf8000c           0x000002  
FICD             0xf8000e           0x000002  
FUID0            0xf80010           0x000002  
FUID1            0xf80012           0x000002  
FUID2            0xf80014           0x000002  
FUID3            0xf80016           0x000002  
*default*        0x000000           0xffffffff  

Linker script and memory map

LOAD build\udb4\altitudeCntrl.o
LOAD build\udb4\behavior.o
LOAD build\udb4\cameraCntrl.o
LOAD build\udb4\main.o
LOAD build\udb4\navigate.o
LOAD build\udb4\pitchCntrl.o
LOAD build\udb4\rollCntrl.o
LOAD build\udb4\servoMix.o
LOAD build\udb4\states.o
LOAD build\udb4\yawCntrl.o
LOAD build\udb4\libUDB.o
LOAD build\udb4\telemetry.o
LOAD build\udb4\servoPrepare.o
LOAD build\udb4\estWind.o
LOAD build\udb4\estYawDrift.o
LOAD build\udb4\gpsParseCommon.o
LOAD build\udb4\gpsParseSTD.o
LOAD build\udb4\gpsParseUBX.o
LOAD build\udb4\mathlibNAV.o
LOAD build\udb4\rmat.o
LOAD build\udb4\libDCM.o
LOAD build\udb4\flightplan-waypoints.o
LOAD build\udb4\flightplan-logo.o
LOAD build\udb4\deadReckoning.o
LOAD build\udb4\mp_osd.o
LOAD build\udb4\background.o
LOAD build\udb4\magneto_aspg.o
LOAD build\udb4\osd.o
LOAD build\udb4\radioIn_aspg.o
LOAD build\udb4\serialIO_aspg.o
LOAD build\udb4\servoOut_aspg.o
LOAD build\udb4\filter_aspg.o
LOAD build\udb4\eeprom_aspg.o
LOAD build\udb4\I2C_aspg.o
LOAD build\udb4\analog2digital_aspg.o
LOAD build\udb4\filter_aspg_I2C.o
LOAD build\udb4\FIR_Filter.o
LOAD build\udb4\SuperSample.o
LOAD build\udb4\averageSample.o
LOAD build\udb4\MAVLink.o
LOAD build\udb4\traps_udb_asm.o
LOAD build\udb4\protocol.o
LOAD C:\Program Files\Microchip\MPLAB C30\lib\libdsp-coff.a
LOAD c:/program files/microchip/mplab c30/bin/bin/../../lib/dsPIC33F\libp33FJ256GP710A-coff.a
                    0xf80000                  __FBS = 0xf80000
                    0xf80002                  __FSS = 0xf80002
                    0xf80004                  __FGS = 0xf80004
                    0xf80006                  __FOSCSEL = 0xf80006
                    0xf80008                  __FOSC = 0xf80008
                    0xf8000a                  __FWDT = 0xf8000a
                    0xf8000c                  __FPOR = 0xf8000c
                    0xf8000e                  __FICD = 0xf8000e
                    0xf80010                  __FUID0 = 0xf80010
                    0xf80012                  __FUID1 = 0xf80012
                    0xf80014                  __FUID2 = 0xf80014
                    0xf80016                  __FUID3 = 0xf80016
                    0x0004                  __IVT_BASE = 0x4
                    0x0104                  __AIVT_BASE = 0x104
                    0x0800                  __DATA_BASE = 0x800
                    0x4800                  __YDATA_BASE = 0x4800
                    0x7800                  __DMA_BASE = 0x7800
                    0x7fff                  __DMA_END = 0x7fff
                    0x0200                  __CODE_BASE = 0x200

.reset            0x000000          0x4
                  0x000000          0x2 SHORT 0x200 <code 339> (__reset)
                  0x000001          0x2 SHORT 0x4
                  0x000002          0x2 SHORT 0x0 ((<code 339> (__reset) >> 0x10) & 0x7f)
                  0x000003          0x2 SHORT 0x0

.text             0x000200       0x118c
 *(.init)
 .init            0x000200         0x32 c:/program files/microchip/mplab c30/bin/bin/../../lib\libpic30-coff.a(crt0_standard.o)
                  0x000200                  _resetPRI
                  0x000200                  _reset
                  0x000222                  _psv_init
 .init            0x000232         0x5e c:/program files/microchip/mplab c30/bin/bin/../../lib\libpic30-coff.a(data_init_standard.o)
                  0x000232                  _data_init_standard
                  0x000232                  _data_init
 *(.user_init)
 *(.handle)
 .handle          0x000290         0x54 jump_table
 *(.libc)
 .libc            0x0002e4          0xe c:/program files/microchip/mplab c30/bin/bin/../../lib\libc-coff.a(memset.o)
                  0x0002e4                  memset
 .libc            0x0002f2         0x2e c:/program files/microchip/mplab c30/bin/bin/../../lib\libc-coff.a(sprintf.io)
                  0x0002f2                  sprintf.io:_prout
                  0x0002fe                  _isprintf
 .libc            0x000320         0x24 c:/program files/microchip/mplab c30/bin/bin/../../lib\libc-coff.a(strncmp.o)
                  0x000320                  strncmp
 .libc            0x000344          0xe c:/program files/microchip/mplab c30/bin/bin/../../lib\libc-coff.a(memcpy.o)
                  0x000344                  memcpy
 .libc            0x000352        0x172 c:/program files/microchip/mplab c30/bin/bin/../../lib\libc-coff.a(xprintf.io)
                  0x000352                  __iPrintf
 .libc            0x0004c4          0xa c:/program files/microchip/mplab c30/bin/bin/../../lib\libc-coff.a(xvacopy.o)
                  0x0004c4                  _Vacopy
 .libc            0x0004ce         0x12 c:/program files/microchip/mplab c30/bin/bin/../../lib\libc-coff.a(strchr.o)
                  0x0004ce                  strchr
 .libc            0x0004e0        0x286 c:/program files/microchip/mplab c30/bin/bin/../../lib\libc-coff.a(xputfld.io)
                  0x0004e0                  __iPutfld
 .libc            0x000766        0x194 c:/program files/microchip/mplab c30/bin/bin/../../lib\libc-coff.a(xputtxt.o)
                  0x000766                  _Puttxt
 .libc            0x0008fa        0x312 c:/program files/microchip/mplab c30/bin/bin/../../lib\libc-coff.a(xlitob.o)
                  0x0008fa                  _Litob
 .libc            0x000c0c          0xe c:/program files/microchip/mplab c30/bin/bin/../../lib\libc-coff.a(strlen.o)
                  0x000c0c                  strlen
 .libc            0x000c1a         0x14 c:/program files/microchip/mplab c30/bin/bin/../../lib\libc-coff.a(memchr.o)
                  0x000c1a                  memchr
 .libc            0x000c2e          0xc c:/program files/microchip/mplab c30/bin/bin/../../lib\libm-coff.a(mulsi3.o)
                  0x000c2e                  __mulp32peds3
                  0x000c2e                  __mulsi3
                  0x000c2e                  __mulp32eds3
 *(.libm)
 .libm            0x000c3a         0x1e c:/program files/microchip/mplab c30/bin/bin/../../lib\libm-coff.a(divsi3.o)
                  0x000c3a                  __divsi3
 .libm            0x000c58         0x56 c:/program files/microchip/mplab c30/bin/bin/../../lib\libm-coff.a(floatsisf.o)
                  0x000c58                  __floatsisf
 .libm            0x000cae         0x68 c:/program files/microchip/mplab c30/bin/bin/../../lib\libm-coff.a(mulsf3.o)
                  0x000cae                  __mulsf3
 .libm            0x000d16         0x42 c:/program files/microchip/mplab c30/bin/bin/../../lib\libm-coff.a(fixsfsi.o)
                  0x000d16                  __fixsfsi
 .libm            0x000d58         0x20 c:/program files/microchip/mplab c30/bin/bin/../../lib\libm-coff.a(udivsi3.o)
                  0x000d58                  __udivsi3
 .libm            0x000d78         0x84 c:/program files/microchip/mplab c30/bin/bin/../../lib\libm-coff.a(divsf3.o)
                  0x000d78                  __divsf3
 .libm            0x000dfc         0xbc c:/program files/microchip/mplab c30/bin/bin/../../lib\libm-coff.a(addsf3.o)
                  0x000dfc                  __subsf3
                  0x000dfe                  __addsf3
 .libm            0x000eb8          0x4 c:/program files/microchip/mplab c30/bin/bin/../../lib\libm-coff.a(feqltle.o)
                  0x000eb8                  __eqsf2
                  0x000eb8                  __ltsf2
                  0x000eb8                  __lesf2
 .libm            0x000ebc          0x4 c:/program files/microchip/mplab c30/bin/bin/../../lib\libm-coff.a(fgtge.o)
                  0x000ebc                  __gesf2
                  0x000ebc                  __gtsf2
 .libm            0x000ec0         0x36 c:/program files/microchip/mplab c30/bin/bin/../../lib\libm-coff.a(fixunssfsi.o)
                  0x000ec0                  __fixunssfsi
 .libm            0x000ef6         0x4c c:/program files/microchip/mplab c30/bin/bin/../../lib\libm-coff.a(fpack.o)
                  0x000ef6                  _fpack
 .libm            0x000f42         0x10 c:/program files/microchip/mplab c30/bin/bin/../../lib\libm-coff.a(funpack2.o)
                  0x000f42                  _funpack2
 .libm            0x000f52         0x20 c:/program files/microchip/mplab c30/bin/bin/../../lib\libm-coff.a(futil.o)
                  0x000f52                  _fPropagateNaN
                  0x000f64                  _fbopExit
                  0x000f6c                  _fbopReturnNaN
 .libm            0x000f72         0x2a c:/program files/microchip/mplab c30/bin/bin/../../lib\libm-coff.a(funpack.o)
                  0x000f72                  _funpack
 .libm            0x000f9c         0x36 c:/program files/microchip/mplab c30/bin/bin/../../lib\libm-coff.a(fcompare.o)
                  0x000f9c                  _fcompare
 .libm            0x000fd2          0x6 c:/program files/microchip/mplab c30/bin/bin/../../lib\libm-coff.a(umodsi3.o)
                  0x000fd2                  __umodsi3
 .libm            0x000fd8        0x216 c:/program files/microchip/mplab c30/bin/bin/../../lib\libm-coff.a(divmoddi3.o)
                  0x000ffe                  __udivmoddi3
                  0x0010cc                  __udivdi3
                  0x0010da                  __umoddi3
                  0x0010e2                  __divdi3
                  0x00111c                  __moddi3
 .libm            0x0011ee         0x5c c:/program files/microchip/mplab c30/bin/bin/../../lib\libm-coff.a(muldi3.o)
                  0x0011ee                  __muldi3
 .libm            0x00124a         0x44 c:/program files/microchip/mplab c30/bin/bin/../../lib\libm-coff.a(umuldi3.o)
                  0x00124a                  __umuldi3
 *(.libdsp)
 .libdsp          0x00128e         0x1a C:\Program Files\Microchip\MPLAB C30\lib\libdsp-coff.a(vdot.obj)
                  0x00128e                  VectorDotProduct
 .libdsp          0x0012a8         0x1e C:\Program Files\Microchip\MPLAB C30\lib\libdsp-coff.a(vadd.obj)
                  0x0012a8                  VectorAdd
 .libdsp          0x0012c6         0x1c C:\Program Files\Microchip\MPLAB C30\lib\libdsp-coff.a(vscl.obj)
                  0x0012c6                  VectorScale
 .libdsp          0x0012e2         0x46 C:\Program Files\Microchip\MPLAB C30\lib\libdsp-coff.a(mmul.obj)
                  0x0012e2                  MatrixMultiply
 .libdsp          0x001328         0x20 C:\Program Files\Microchip\MPLAB C30\lib\libdsp-coff.a(madd.obj)
                  0x001328                  MatrixAdd
 .libdsp          0x001348         0x18 C:\Program Files\Microchip\MPLAB C30\lib\libdsp-coff.a(vpow.obj)
                  0x001348                  VectorPower
 .libdsp          0x001360         0x20 C:\Program Files\Microchip\MPLAB C30\lib\libdsp-coff.a(vsub.obj)
                  0x001360                  VectorSubtract
 .libdsp          0x001380          0xc C:\Program Files\Microchip\MPLAB C30\lib\libdsp-coff.a(vcopy.obj)
                  0x001380                  VectorCopy
 *(.lib*)

usercode
 *(usercode)

__FBS             0xf80000          0x2
 *(__FBS.sec)
 __FBS.sec        0xf80000          0x2 FBS
                  0xf80000                  _FBS.sec

__FSS             0xf80002          0x2
 *(__FSS.sec)
 __FSS.sec        0xf80002          0x2 FSS
                  0xf80002                  _FSS.sec

__FGS             0xf80004          0x2
 *(__FGS.sec)
 __FGS.sec        0xf80004          0x2 FGS
                  0xf80004                  _FGS.sec

__FOSCSEL         0xf80006          0x2
 *(__FOSCSEL.sec)
 __FOSCSEL.sec    0xf80006          0x2 build\udb4\libUDB.o

__FOSC            0xf80008          0x2
 *(__FOSC.sec)
 __FOSC.sec       0xf80008          0x2 build\udb4\libUDB.o

__FWDT            0xf8000a          0x2
 *(__FWDT.sec)
 __FWDT.sec       0xf8000a          0x2 build\udb4\libUDB.o

__FPOR            0xf8000c          0x2
 *(__FPOR.sec)
 __FPOR.sec       0xf8000c          0x2 build\udb4\libUDB.o

__FICD            0xf8000e          0x2
 *(__FICD.sec)
 __FICD.sec       0xf8000e          0x2 build\udb4\libUDB.o

__FUID0           0xf80010          0x2
 *(__FUID0.sec)
 __FUID0.sec      0xf80010          0x2 build\udb4\libUDB.o

__FUID1           0xf80012          0x2
 *(__FUID1.sec)
 __FUID1.sec      0xf80012          0x2 build\udb4\libUDB.o

__FUID2           0xf80014          0x2
 *(__FUID2.sec)
 __FUID2.sec      0xf80014          0x2 build\udb4\libUDB.o

__FUID3           0xf80016          0x2
 *(__FUID3.sec)
 __FUID3.sec      0xf80016          0x2 build\udb4\libUDB.o

.icd                0x0800         0x50
                    0x0850                  . = (. + DEFINED (__ICD2RAM)?0x50:0x0)
 *fill*             0x0800         0x5000

.Parameters         0x0850        0x242
 *(ParametersStart)
 ParametersStart
                    0x0850          0x8 build\udb4\eeprom_aspg.o
                    0x0850                  ParameterStart
 *(Parameters)
 Parameters         0x0858          0x4 build\udb4\navigate.o
                    0x0858                  yawkpail
                    0x085a                  yawkprud
 Parameters         0x085c          0xc build\udb4\pitchCntrl.o
                    0x085c                  pitchgain
                    0x085e                  pitchkd
                    0x0860                  hoverpitchgain
                    0x0862                  hoverpitchkd
                    0x0864                  rudderElevMixGain
                    0x0866                  rollElevMixGain
 Parameters         0x0868          0xa build\udb4\rollCntrl.o
                    0x0868                  yawkdail
                    0x086a                  rollkp
                    0x086c                  rollkd
                    0x086e                  hoverrollkp
                    0x0870                  hoverrollkd
 Parameters         0x0872        0x200 build\udb4\servoMix.o
                    0x0872                  pMixers
 Parameters         0x0a72          0x8 build\udb4\yawCntrl.o
                    0x0a72                  yawkdrud
                    0x0a74                  rollkprud
                    0x0a76                  hoveryawkp
                    0x0a78                  hoveryawkd
 Parameters         0x0a7a          0x2 build\udb4\rmat.o
                    0x0a7a                  DECLINATIONANGLE
 Parameters         0x0a7c          0x2 build\udb4\flightplan-waypoints.o
                    0x0a7c                  numPointsInCurrentSet
 Parameters         0x0a7e         0x12 build\udb4\MAVLink.o
                    0x0a7e                  mavlink_system
                    0x0a83                  streamRateRawSensors
                    0x0a84                  streamRateRCChannels
                    0x0a85                  streamRateExtendedStatus
                    0x0a86                  streamRateRawController
                    0x0a87                  streamRatePosition
                    0x0a88                  streamRateExtra1
                    0x0a89                  streamRateExtra2
                    0x0a8a                  streamRateExtra3
                    0x0a8c                  send_address
                    0x0a8e                  send_ver
                    0x0a8f                  send_type
 *(ParametersEnd)
 ParametersEnd      0x0a90          0x2 build\udb4\eeprom_aspg.o
                    0x0a90                  ParameterEnd

.Important          0x0a92        0xc38
 *(Important)
 Important          0x0a92         0x1a build\udb4\navigate.o
                    0x0a92                  goal
                    0x0aa2                  togoal
                    0x0aa6                  tofinish_line
                    0x0aa8                  progress_to_goal
                    0x0aaa                  desired_dir
 Important          0x0aac          0x4 build\udb4\libUDB.o
                    0x0aac                  needSaveExtendedState
                    0x0aae                  defaultCorcon
 Important          0x0ab0         0x14 build\udb4\estWind.o
                    0x0ab0                  groundVelocityHistory
                    0x0ab6                  fuselageDirectionHistory
                    0x0abc                  estimatedAirspeed
                    0x0abe                  estimatedWind
 Important          0x0ac4         0x10 build\udb4\estYawDrift.o
                    0x0ac4                  rmat1filt
                    0x0ac6                  rmat4filt
                    0x0ac8                  actual_dir
                    0x0aca                  velocity_magnitude
                    0x0acc                  forward_acceleration
                    0x0ace                  velocity_previous
                    0x0ad0                  air_speed_magnitude
                    0x0ad2                  calculated_heading
 Important          0x0ad4         0x50 build\udb4\gpsParseCommon.o
                    0x0ad4                  GPSlocation
                    0x0ada                  GPSvelocity
                    0x0ae0                  velocity_thru_air
                    0x0ae4                  lat_gps
                    0x0ae8                  long_gps
                    0x0aec                  alt_sl_gps
                    0x0af0                  tow
                    0x0af4                  sog_gps
                    0x0af6                  cog_gps
                    0x0af8                  climb_gps
                    0x0afa                  week_no
                    0x0afc                  hdop
                    0x0afe                  lat_origin
                    0x0b02                  long_origin
                    0x0b06                  alt_origin
                    0x0b0a                  xpg
                    0x0b0e                  ypg
                    0x0b12                  zpg
                    0x0b16                  xvg
                    0x0b18                  yvg
                    0x0b1a                  zvg
                    0x0b1c                  mode1
                    0x0b1d                  mode2
                    0x0b1e                  svs
                    0x0b1f                  lat_cir
                    0x0b20                  cos_lat
                    0x0b22                  gps_data_age
 Important          0x0b24         0xa4 build\udb4\rmat.o
                    0x0b24                  rmat
                    0x0b36                  rup
                    0x0b48                  omegagyro
                    0x0b4e                  omega
                    0x0b54                  omegacorrP
                    0x0b5a                  omegacorrI
                    0x0b60                  accelEarth
                    0x0b66                  accelEarthFiltered
                    0x0b72                  gyroCorrectionIntegral
                    0x0b7e                  omegaAccum
                    0x0b84                  gplane
                    0x0b8a                  dirovergndHGPS
                    0x0b90                  dirovergndHRmat
                    0x0b96                  theta
                    0x0b9c                  rbuff
                    0x0bae                  errorRP
                    0x0bb4                  errorYawground
                    0x0bba                  errorYawplane
                    0x0bc0                  error
                    0x0bc2                  declinationVector
                    0x0bc6                  vref_adj
 Important          0x0bc8          0x4 build\udb4\libDCM.o
                    0x0bc8                  dcm_flags
                    0x0bca                  dcm_has_calibrated
 Important          0x0bcc         0x60 build\udb4\flightplan-waypoints.o
                    0x0bcc                  waypointIndex
                    0x0bce                  currentWaypointSet
                    0x0bd0                  EE_wp_pos
                    0x0bd2                  wp_inject
                    0x0c2a                  wp_inject_pos
 Important          0x0c2c         0x3c build\udb4\deadReckoning.o
                    0x0c2c                  IMUvelocityx
                    0x0c30                  IMUvelocityy
                    0x0c34                  IMUvelocityz
                    0x0c38                  IMUlocationx
                    0x0c3c                  IMUlocationy
                    0x0c40                  IMUlocationz
                    0x0c44                  filteredIMUvelocityx
                    0x0c48                  filteredIMUvelocityy
                    0x0c4c                  filteredIMUvelocityz
                    0x0c50                  filteredIMUlocationx
                    0x0c54                  filteredIMUlocationy
                    0x0c58                  filteredIMUlocationz
                    0x0c5c                  locationErrorEarth
                    0x0c62                  velocityErrorEarth
 Important          0x0c68         0x2a build\udb4\magneto_aspg.o
                    0x0c68                  udb_magFieldBody
                    0x0c6e                  udb_magFieldBodyInput
                    0x0c74                  udb_magOffset
                    0x0c7a                  magGain
                    0x0c80                  rawMagCalib
                    0x0c86                  previousMagFieldRaw
                    0x0c8c                  MagFieldFilter
 Important          0x0c92        0x104 build\udb4\radioIn_aspg.o
                    0x0c92                  udb_pwIn
                    0x0d14                  udb_pwTrim
 Important          0x0d96         0x82 build\udb4\servoOut_aspg.o
                    0x0d96                  udb_pwOut
 Important          0x0e18         0x8a build\udb4\analog2digital_aspg.o
                    0x0e18                  udb_xaccel
                    0x0e1e                  udb_yaccel
                    0x0e24                  udb_zaccel
                    0x0e2a                  udb_xrate
                    0x0e30                  udb_yrate
                    0x0e36                  udb_zrate
                    0x0e3c                  udb_vref
                    0x0e42                  AD1_Raw
                    0x0e72                  FLT_Value
 *(NearBuffers)
 NearBuffers        0x0ea2        0x600 build\udb4\radioIn_aspg.o
                    0x0ea2                  DIO
 NearBuffers        0x14a2          0xa build\udb4\eeprom_aspg.o
                    0x14a2                  EE_Active
                    0x14a4                  EE_Write_Timer
                    0x14a6                  EE_Address
                    0x14a8                  EE_End
                    0x14aa                  pData
 NearBuffers        0x14ac        0x21e build\udb4\I2C_aspg.o
                    0x14ac                  I2C_buffer
                    0x153c                  uI2C_Commands
                    0x15bc                  CC
                    0x15da                  CD

.Auto               0x16ca        0x128
 *(.ndata)
 .ndata             0x16ca          0x8 build\udb4\altitudeCntrl.o
                    0x16ca                  throttleFiltered
                    0x16ce                  pitchAltitudeAdjust
                    0x16d0                  filterManual
 .ndata             0x16d2          0x6 build\udb4\behavior.o
                    0x16d2                  cyclesUntilStartTriggerAction
                    0x16d4                  cyclesUntilStopTriggerAction
                    0x16d6                  currentTriggerActionValue
 .ndata             0x16d8         0x10 build\udb4\cameraCntrl.o
                    0x16d8                  cam_pitch_servo_pwm_delta
                    0x16da                  cam_yaw_servo_pwm_delta
                    0x16dc                  view_location
                    0x16e2                  camera_view
 .ndata             0x16e8          0x4 build\udb4\states.o
                    0x16e8                  waggle
                    0x16ea                  stateS
 .ndata             0x16ec          0x2 build\udb4\libUDB.o
                    0x16ec                  timer_5_on
 .ndata             0x16ee          0x2 build\udb4\servoPrepare.o
                    0x16ee                  eightHertzCounter
                    0x16ef                  startTelemetry
 .ndata             0x16f0          0x6 build\udb4\gpsParseSTD.o
                    0x16f0                  msg_parse
                    0x16f2                  svsmin
                    0x16f3                  svsmax
                    0x16f4                  store_index
 .ndata             0x16f6          0x2 build\udb4\rmat.o
                    0x16f6                  ggain
 .ndata             0x16f8          0x2 build\udb4\libDCM.o
                    0x16f8                  dcm_fourHertzCounter
 .ndata             0x16fa          0x2 build\udb4\deadReckoning.o
                    0x16fa                  dead_reckon_clock
 .ndata             0x16fc         0x12 build\udb4\background.o
                    0x16fc                  timer1_counts
                    0x16fe                  cpu_timer
                    0x1700                  cpu_counter
                    0x1704                  old_cpu_counter
                    0x1708                  gps_timeout
                    0x170a                  iDCMframe
                    0x170c                  skip_timer_reset
 .ndata             0x170e         0x16 build\udb4\magneto_aspg.o
                    0x170e                  magSameReadings
                    0x1710                  I2_Done
                    0x1712                  magConfigAttempts
                    0x1714                  mag_xy
                    0x1716                  mag_x_sign
                    0x1718                  mag_y_sign
                    0x171a                  I2_ADone
                    0x171c                  previousAccFieldRaw
                    0x1722                  accSameReadings
 .ndata             0x1724          0x2 build\udb4\radioIn_aspg.o
                    0x1724                  failSafePulses
 .ndata             0x1726          0x4 build\udb4\serialIO_aspg.o
                    0x1726                  iU1Tail
                    0x1728                  iU2Tail
 .ndata             0x172a          0x4 build\udb4\servoOut_aspg.o
                    0x172a                  twentyHertzCounter
                    0x172c                  iFrameCounter
 .ndata             0x172e          0x2 build\udb4\eeprom_aspg.o
                    0x172e                  iEEpresent
 .ndata             0x1730         0x18 build\udb4\I2C_aspg.o
                    0x1730                  I2C_call_back
                    0x1740                  I2Cinterrupts
                    0x1742                  I2Cmessages
                    0x1744                  I2C_Timeout
                    0x1746                  I2C_one_time_init
 .ndata             0x1748          0x4 build\udb4\analog2digital_aspg.o
                    0x1748                  sampcount
                    0x174a                  DmaBuffer
 .ndata             0x174c         0x1e build\udb4\MAVLink.o
                    0x174c                  voltage_milis
                    0x174e                  counter_40hz
                    0x1750                  usec
                    0x1758                  sb_index
                    0x175a                  end_index
                    0x175c                  previous_earth_pitch
                    0x1760                  previous_earth_roll
                    0x1764                  previous_earth_yaw
                    0x1768                  send_variables_counter
                    0x1769                  send_by_index
 *(.data)
 .data              0x176a         0x2a build\udb4\filter_aspg.o
                    0x176a                  filter_aspgFilterX
                    0x1778                  filter_aspgFilterY
                    0x1786                  filter_aspgFilterZ
 .data              0x1794         0x2a build\udb4\filter_aspg_I2C.o
                    0x1794                  filter_aspg_I2CX_Filter
                    0x17a2                  filter_aspg_I2CY_Filter
                    0x17b0                  filter_aspg_I2CZ_Filter
 .data              0x17be         0x12 c:/program files/microchip/mplab c30/bin/bin/../../lib\libc-coff.a(xprintf.io)
 .data              0x17d0         0x22 c:/program files/microchip/mplab c30/bin/bin/../../lib\libc-coff.a(xlitob.o)

.FarBuffer          0x1c00        0xd00
 *(FarBuffers)
 FarBuffers         0x1c00        0x400 build\udb4\serialIO_aspg.o
                    0x1c00                  U1TX_buffer
                    0x1e00                  U2TX_buffer
 FarBuffers         0x2000        0x700 build\udb4\analog2digital_aspg.o
                    0x2000                  AD1_Filt
 FarBuffers         0x2700        0x200 build\udb4\MAVLink.o
                    0x2700                  serial_buffer

.comment
 *(.comment)

.debug_info
 *(.debug_info)
 *(.gnu.linkonce.wi.*)

.debug_abbrev
 *(.debug_abbrev)

.debug_line
 *(.debug_line)

.debug_frame
 *(.debug_frame)

.debug_str
 *(.debug_str)

.debug_loc
 *(.debug_loc)

.debug_macinfo
 *(.debug_macinfo)

.debug_pubnames
 *(.debug_pubnames)

.debug_ranges
 *(.debug_ranges)

.debug_aranges
 *(.debug_aranges)

.ivt              0x000004         0xfc
                  0x000004          0x4 LONG 0xb6d0 DEFINED (__ReservedTrap0)?<code 339> (__ReservedTrap0):<code 339> (__DefaultInterrupt)
                  0x000006          0x4 LONG 0xb6cc DEFINED (__OscillatorFail)?<code 339> (__OscillatorFail):<code 339> (__DefaultInterrupt)
                  0x000008          0x4 LONG 0xb6c8 DEFINED (__AddressError)?<code 339> (__AddressError):<code 339> (__DefaultInterrupt)
                  0x00000a          0x4 LONG 0xb6c4 DEFINED (__StackError)?<code 339> (__StackError):<code 339> (__DefaultInterrupt)
                  0x00000c          0x4 LONG 0xb6c0 DEFINED (__MathError)?<code 339> (__MathError):<code 339> (__DefaultInterrupt)
                  0x00000e          0x4 LONG 0xb6d0 DEFINED (__DMACError)?<code 339> (__DMACError):<code 339> (__DefaultInterrupt)
                  0x000010          0x4 LONG 0xb6d0 DEFINED (__ReservedTrap6)?<code 339> (__ReservedTrap6):<code 339> (__DefaultInterrupt)
                  0x000012          0x4 LONG 0xb6d0 DEFINED (__ReservedTrap7)?<code 339> (__ReservedTrap7):<code 339> (__DefaultInterrupt)
                  0x000014          0x4 LONG 0xb6d0 DEFINED (__INT0Interrupt)?<code 339> (__INT0Interrupt):<code 339> (__DefaultInterrupt)
                  0x000016          0x4 LONG 0x7044 DEFINED (__IC1Interrupt)?<code 339> (__IC1Interrupt):<code 339> (__DefaultInterrupt)
                  0x000018          0x4 LONG 0x50a0 DEFINED (__OC1Interrupt)?<code 339> (__OC1Interrupt):<code 339> (__DefaultInterrupt)
                  0x00001a          0x4 LONG 0xad02 DEFINED (__T1Interrupt)?<code 339> (__T1Interrupt):<code 339> (__DefaultInterrupt)
                  0x00001c          0x4 LONG 0x8acc DEFINED (__DMA0Interrupt)?<code 339> (__DMA0Interrupt):<code 339> (__DefaultInterrupt)
                  0x00001e          0x4 LONG 0x7078 DEFINED (__IC2Interrupt)?<code 339> (__IC2Interrupt):<code 339> (__DefaultInterrupt)
                  0x000020          0x4 LONG 0x50ce DEFINED (__OC2Interrupt)?<code 339> (__OC2Interrupt):<code 339> (__DefaultInterrupt)
                  0x000022          0x4 LONG 0x7032 DEFINED (__T2Interrupt)?<code 339> (__T2Interrupt):<code 339> (__DefaultInterrupt)
                  0x000024          0x4 LONG 0x4e30 DEFINED (__T3Interrupt)?<code 339> (__T3Interrupt):<code 339> (__DefaultInterrupt)
                  0x000026          0x4 LONG 0xb6d0 DEFINED (__SPI1ErrInterrupt)?<code 339> (__SPI1ErrInterrupt):<code 339> (__DefaultInterrupt)
                  0x000028          0x4 LONG 0xb6d0 DEFINED (__SPI1Interrupt)?<code 339> (__SPI1Interrupt):<code 339> (__DefaultInterrupt)
                  0x00002a          0x4 LONG 0x91e8 DEFINED (__U1RXInterrupt)?<code 339> (__U1RXInterrupt):<code 339> (__DefaultInterrupt)
                  0x00002c          0x4 LONG 0x9308 DEFINED (__U1TXInterrupt)?<code 339> (__U1TXInterrupt):<code 339> (__DefaultInterrupt)
                  0x00002e          0x4 LONG 0xb6d0 DEFINED (__ADC1Interrupt)?<code 339> (__ADC1Interrupt):<code 339> (__DefaultInterrupt)
                  0x000030          0x4 LONG 0xb6d0 DEFINED (__DMA1Interrupt)?<code 339> (__DMA1Interrupt):<code 339> (__DefaultInterrupt)
                  0x000032          0x4 LONG 0xb6d0 DEFINED (__Interrupt15)?<code 339> (__Interrupt15):<code 339> (__DefaultInterrupt)
                  0x000034          0x4 LONG 0xb6d0 DEFINED (__SI2C1Interrupt)?<code 339> (__SI2C1Interrupt):<code 339> (__DefaultInterrupt)
                  0x000036          0x4 LONG 0xb6d0 DEFINED (__MI2C1Interrupt)?<code 339> (__MI2C1Interrupt):<code 339> (__DefaultInterrupt)
                  0x000038          0x4 LONG 0xb6d0 DEFINED (__Interrupt18)?<code 339> (__Interrupt18):<code 339> (__DefaultInterrupt)
                  0x00003a          0x4 LONG 0xb6d0 DEFINED (__CNInterrupt)?<code 339> (__CNInterrupt):<code 339> (__DefaultInterrupt)
                  0x00003c          0x4 LONG 0x5858 DEFINED (__INT1Interrupt)?<code 339> (__INT1Interrupt):<code 339> (__DefaultInterrupt)
                  0x00003e          0x4 LONG 0x8bcc DEFINED (__ADC2Interrupt)?<code 339> (__ADC2Interrupt):<code 339> (__DefaultInterrupt)
                  0x000040          0x4 LONG 0x7190 DEFINED (__IC7Interrupt)?<code 339> (__IC7Interrupt):<code 339> (__DefaultInterrupt)
                  0x000042          0x4 LONG 0x71c8 DEFINED (__IC8Interrupt)?<code 339> (__IC8Interrupt):<code 339> (__DefaultInterrupt)
                  0x000044          0x4 LONG 0xb6d0 DEFINED (__DMA2Interrupt)?<code 339> (__DMA2Interrupt):<code 339> (__DefaultInterrupt)
                  0x000046          0x4 LONG 0x50fc DEFINED (__OC3Interrupt)?<code 339> (__OC3Interrupt):<code 339> (__DefaultInterrupt)
                  0x000048          0x4 LONG 0x512a DEFINED (__OC4Interrupt)?<code 339> (__OC4Interrupt):<code 339> (__DefaultInterrupt)
                  0x00004a          0x4 LONG 0xad9c DEFINED (__T4Interrupt)?<code 339> (__T4Interrupt):<code 339> (__DefaultInterrupt)
                  0x00004c          0x4 LONG 0xad7c DEFINED (__T5Interrupt)?<code 339> (__T5Interrupt):<code 339> (__DefaultInterrupt)
                  0x00004e          0x4 LONG 0x5b50 DEFINED (__INT2Interrupt)?<code 339> (__INT2Interrupt):<code 339> (__DefaultInterrupt)
                  0x000050          0x4 LONG 0x93ce DEFINED (__U2RXInterrupt)?<code 339> (__U2RXInterrupt):<code 339> (__DefaultInterrupt)
                  0x000052          0x4 LONG 0x94ca DEFINED (__U2TXInterrupt)?<code 339> (__U2TXInterrupt):<code 339> (__DefaultInterrupt)
                  0x000054          0x4 LONG 0xb6d0 DEFINED (__SPI2ErrInterrupt)?<code 339> (__SPI2ErrInterrupt):<code 339> (__DefaultInterrupt)
                  0x000056          0x4 LONG 0xb6d0 DEFINED (__SPI2Interrupt)?<code 339> (__SPI2Interrupt):<code 339> (__DefaultInterrupt)
                  0x000058          0x4 LONG 0xb6d0 DEFINED (__C1RxRdyInterrupt)?<code 339> (__C1RxRdyInterrupt):<code 339> (__DefaultInterrupt)
                  0x00005a          0x4 LONG 0xb6d0 DEFINED (__C1Interrupt)?<code 339> (__C1Interrupt):<code 339> (__DefaultInterrupt)
                  0x00005c          0x4 LONG 0xb6d0 DEFINED (__DMA3Interrupt)?<code 339> (__DMA3Interrupt):<code 339> (__DefaultInterrupt)
                  0x00005e          0x4 LONG 0x70b0 DEFINED (__IC3Interrupt)?<code 339> (__IC3Interrupt):<code 339> (__DefaultInterrupt)
                  0x000060          0x4 LONG 0x70e8 DEFINED (__IC4Interrupt)?<code 339> (__IC4Interrupt):<code 339> (__DefaultInterrupt)
                  0x000062          0x4 LONG 0x7120 DEFINED (__IC5Interrupt)?<code 339> (__IC5Interrupt):<code 339> (__DefaultInterrupt)
                  0x000064          0x4 LONG 0x7158 DEFINED (__IC6Interrupt)?<code 339> (__IC6Interrupt):<code 339> (__DefaultInterrupt)
                  0x000066          0x4 LONG 0x5158 DEFINED (__OC5Interrupt)?<code 339> (__OC5Interrupt):<code 339> (__DefaultInterrupt)
                  0x000068          0x4 LONG 0x5186 DEFINED (__OC6Interrupt)?<code 339> (__OC6Interrupt):<code 339> (__DefaultInterrupt)
                  0x00006a          0x4 LONG 0x51b4 DEFINED (__OC7Interrupt)?<code 339> (__OC7Interrupt):<code 339> (__DefaultInterrupt)
                  0x00006c          0x4 LONG 0x51e2 DEFINED (__OC8Interrupt)?<code 339> (__OC8Interrupt):<code 339> (__DefaultInterrupt)
                  0x00006e          0x4 LONG 0xb6d0 DEFINED (__Interrupt45)?<code 339> (__Interrupt45):<code 339> (__DefaultInterrupt)
                  0x000070          0x4 LONG 0xb6d0 DEFINED (__DMA4Interrupt)?<code 339> (__DMA4Interrupt):<code 339> (__DefaultInterrupt)
                  0x000072          0x4 LONG 0xb6d0 DEFINED (__T6Interrupt)?<code 339> (__T6Interrupt):<code 339> (__DefaultInterrupt)
                  0x000074          0x4 LONG 0xb6d0 DEFINED (__T7Interrupt)?<code 339> (__T7Interrupt):<code 339> (__DefaultInterrupt)
                  0x000076          0x4 LONG 0xb6d0 DEFINED (__SI2C2Interrupt)?<code 339> (__SI2C2Interrupt):<code 339> (__DefaultInterrupt)
                  0x000078          0x4 LONG 0x6498 DEFINED (__MI2C2Interrupt)?<code 339> (__MI2C2Interrupt):<code 339> (__DefaultInterrupt)
                  0x00007a          0x4 LONG 0xb6d0 DEFINED (__T8Interrupt)?<code 339> (__T8Interrupt):<code 339> (__DefaultInterrupt)
                  0x00007c          0x4 LONG 0xb6d0 DEFINED (__T9Interrupt)?<code 339> (__T9Interrupt):<code 339> (__DefaultInterrupt)
                  0x00007e          0x4 LONG 0xb6d0 DEFINED (__INT3Interrupt)?<code 339> (__INT3Interrupt):<code 339> (__DefaultInterrupt)
                  0x000080          0x4 LONG 0xb6d0 DEFINED (__INT4Interrupt)?<code 339> (__INT4Interrupt):<code 339> (__DefaultInterrupt)
                  0x000082          0x4 LONG 0xb6d0 DEFINED (__C2RxRdyInterrupt)?<code 339> (__C2RxRdyInterrupt):<code 339> (__DefaultInterrupt)
                  0x000084          0x4 LONG 0xb6d0 DEFINED (__C2Interrupt)?<code 339> (__C2Interrupt):<code 339> (__DefaultInterrupt)
                  0x000086          0x4 LONG 0xb6d0 DEFINED (__Interrupt57)?<code 339> (__Interrupt57):<code 339> (__DefaultInterrupt)
                  0x000088          0x4 LONG 0xb6d0 DEFINED (__Interrupt58)?<code 339> (__Interrupt58):<code 339> (__DefaultInterrupt)
                  0x00008a          0x4 LONG 0xb6d0 DEFINED (__DCIErrInterrupt)?<code 339> (__DCIErrInterrupt):<code 339> (__DefaultInterrupt)
                  0x00008c          0x4 LONG 0xb6d0 DEFINED (__DCIInterrupt)?<code 339> (__DCIInterrupt):<code 339> (__DefaultInterrupt)
                  0x00008e          0x4 LONG 0xb6d0 DEFINED (__DMA5Interrupt)?<code 339> (__DMA5Interrupt):<code 339> (__DefaultInterrupt)
                  0x000090          0x4 LONG 0xb6d0 DEFINED (__Interrupt62)?<code 339> (__Interrupt62):<code 339> (__DefaultInterrupt)
                  0x000092          0x4 LONG 0xb6d0 DEFINED (__Interrupt63)?<code 339> (__Interrupt63):<code 339> (__DefaultInterrupt)
                  0x000094          0x4 LONG 0xb6d0 DEFINED (__Interrupt64)?<code 339> (__Interrupt64):<code 339> (__DefaultInterrupt)
                  0x000096          0x4 LONG 0xb6d0 DEFINED (__U1ErrInterrupt)?<code 339> (__U1ErrInterrupt):<code 339> (__DefaultInterrupt)
                  0x000098          0x4 LONG 0xb6d0 DEFINED (__U2ErrInterrupt)?<code 339> (__U2ErrInterrupt):<code 339> (__DefaultInterrupt)
                  0x00009a          0x4 LONG 0xb6d0 DEFINED (__Interrupt67)?<code 339> (__Interrupt67):<code 339> (__DefaultInterrupt)
                  0x00009c          0x4 LONG 0xb6d0 DEFINED (__DMA6Interrupt)?<code 339> (__DMA6Interrupt):<code 339> (__DefaultInterrupt)
                  0x00009e          0x4 LONG 0xb6d0 DEFINED (__DMA7Interrupt)?<code 339> (__DMA7Interrupt):<code 339> (__DefaultInterrupt)
                  0x0000a0          0x4 LONG 0xb6d0 DEFINED (__C1TxReqInterrupt)?<code 339> (__C1TxReqInterrupt):<code 339> (__DefaultInterrupt)
                  0x0000a2          0x4 LONG 0xb6d0 DEFINED (__C2TxReqInterrupt)?<code 339> (__C2TxReqInterrupt):<code 339> (__DefaultInterrupt)
                  0x0000a4          0x4 LONG 0xb6d0 DEFINED (__Interrupt72)?<code 339> (__Interrupt72):<code 339> (__DefaultInterrupt)
                  0x0000a6          0x4 LONG 0xb6d0 DEFINED (__Interrupt73)?<code 339> (__Interrupt73):<code 339> (__DefaultInterrupt)
                  0x0000a8          0x4 LONG 0xb6d0 DEFINED (__Interrupt74)?<code 339> (__Interrupt74):<code 339> (__DefaultInterrupt)
                  0x0000aa          0x4 LONG 0xb6d0 DEFINED (__Interrupt75)?<code 339> (__Interrupt75):<code 339> (__DefaultInterrupt)
                  0x0000ac          0x4 LONG 0xb6d0 DEFINED (__Interrupt76)?<code 339> (__Interrupt76):<code 339> (__DefaultInterrupt)
                  0x0000ae          0x4 LONG 0xb6d0 DEFINED (__Interrupt77)?<code 339> (__Interrupt77):<code 339> (__DefaultInterrupt)
                  0x0000b0          0x4 LONG 0xb6d0 DEFINED (__Interrupt78)?<code 339> (__Interrupt78):<code 339> (__DefaultInterrupt)
                  0x0000b2          0x4 LONG 0xb6d0 DEFINED (__Interrupt79)?<code 339> (__Interrupt79):<code 339> (__DefaultInterrupt)
                  0x0000b4          0x4 LONG 0xb6d0 DEFINED (__Interrupt80)?<code 339> (__Interrupt80):<code 339> (__DefaultInterrupt)
                  0x0000b6          0x4 LONG 0xb6d0 DEFINED (__Interrupt81)?<code 339> (__Interrupt81):<code 339> (__DefaultInterrupt)
                  0x0000b8          0x4 LONG 0xb6d0 DEFINED (__Interrupt82)?<code 339> (__Interrupt82):<code 339> (__DefaultInterrupt)
                  0x0000ba          0x4 LONG 0xb6d0 DEFINED (__Interrupt83)?<code 339> (__Interrupt83):<code 339> (__DefaultInterrupt)
                  0x0000bc          0x4 LONG 0xb6d0 DEFINED (__Interrupt84)?<code 339> (__Interrupt84):<code 339> (__DefaultInterrupt)
                  0x0000be          0x4 LONG 0xb6d0 DEFINED (__Interrupt85)?<code 339> (__Interrupt85):<code 339> (__DefaultInterrupt)
                  0x0000c0          0x4 LONG 0xb6d0 DEFINED (__Interrupt86)?<code 339> (__Interrupt86):<code 339> (__DefaultInterrupt)
                  0x0000c2          0x4 LONG 0xb6d0 DEFINED (__Interrupt87)?<code 339> (__Interrupt87):<code 339> (__DefaultInterrupt)
                  0x0000c4          0x4 LONG 0xb6d0 DEFINED (__Interrupt88)?<code 339> (__Interrupt88):<code 339> (__DefaultInterrupt)
                  0x0000c6          0x4 LONG 0xb6d0 DEFINED (__Interrupt89)?<code 339> (__Interrupt89):<code 339> (__DefaultInterrupt)
                  0x0000c8          0x4 LONG 0xb6d0 DEFINED (__Interrupt90)?<code 339> (__Interrupt90):<code 339> (__DefaultInterrupt)
                  0x0000ca          0x4 LONG 0xb6d0 DEFINED (__Interrupt91)?<code 339> (__Interrupt91):<code 339> (__DefaultInterrupt)
                  0x0000cc          0x4 LONG 0xb6d0 DEFINED (__Interrupt92)?<code 339> (__Interrupt92):<code 339> (__DefaultInterrupt)
                  0x0000ce          0x4 LONG 0xb6d0 DEFINED (__Interrupt93)?<code 339> (__Interrupt93):<code 339> (__DefaultInterrupt)
                  0x0000d0          0x4 LONG 0xb6d0 DEFINED (__Interrupt94)?<code 339> (__Interrupt94):<code 339> (__DefaultInterrupt)
                  0x0000d2          0x4 LONG 0xb6d0 DEFINED (__Interrupt95)?<code 339> (__Interrupt95):<code 339> (__DefaultInterrupt)
                  0x0000d4          0x4 LONG 0xb6d0 DEFINED (__Interrupt96)?<code 339> (__Interrupt96):<code 339> (__DefaultInterrupt)
                  0x0000d6          0x4 LONG 0xb6d0 DEFINED (__Interrupt97)?<code 339> (__Interrupt97):<code 339> (__DefaultInterrupt)
                  0x0000d8          0x4 LONG 0xb6d0 DEFINED (__Interrupt98)?<code 339> (__Interrupt98):<code 339> (__DefaultInterrupt)
                  0x0000da          0x4 LONG 0xb6d0 DEFINED (__Interrupt99)?<code 339> (__Interrupt99):<code 339> (__DefaultInterrupt)
                  0x0000dc          0x4 LONG 0xb6d0 DEFINED (__Interrupt100)?<code 339> (__Interrupt100):<code 339> (__DefaultInterrupt)
                  0x0000de          0x4 LONG 0xb6d0 DEFINED (__Interrupt101)?<code 339> (__Interrupt101):<code 339> (__DefaultInterrupt)
                  0x0000e0          0x4 LONG 0xb6d0 DEFINED (__Interrupt102)?<code 339> (__Interrupt102):<code 339> (__DefaultInterrupt)
                  0x0000e2          0x4 LONG 0xb6d0 DEFINED (__Interrupt103)?<code 339> (__Interrupt103):<code 339> (__DefaultInterrupt)
                  0x0000e4          0x4 LONG 0xb6d0 DEFINED (__Interrupt104)?<code 339> (__Interrupt104):<code 339> (__DefaultInterrupt)
                  0x0000e6          0x4 LONG 0xb6d0 DEFINED (__Interrupt105)?<code 339> (__Interrupt105):<code 339> (__DefaultInterrupt)
                  0x0000e8          0x4 LONG 0xb6d0 DEFINED (__Interrupt106)?<code 339> (__Interrupt106):<code 339> (__DefaultInterrupt)
                  0x0000ea          0x4 LONG 0xb6d0 DEFINED (__Interrupt107)?<code 339> (__Interrupt107):<code 339> (__DefaultInterrupt)
                  0x0000ec          0x4 LONG 0xb6d0 DEFINED (__Interrupt108)?<code 339> (__Interrupt108):<code 339> (__DefaultInterrupt)
                  0x0000ee          0x4 LONG 0xb6d0 DEFINED (__Interrupt109)?<code 339> (__Interrupt109):<code 339> (__DefaultInterrupt)
                  0x0000f0          0x4 LONG 0xb6d0 DEFINED (__Interrupt110)?<code 339> (__Interrupt110):<code 339> (__DefaultInterrupt)
                  0x0000f2          0x4 LONG 0xb6d0 DEFINED (__Interrupt111)?<code 339> (__Interrupt111):<code 339> (__DefaultInterrupt)
                  0x0000f4          0x4 LONG 0xb6d0 DEFINED (__Interrupt112)?<code 339> (__Interrupt112):<code 339> (__DefaultInterrupt)
                  0x0000f6          0x4 LONG 0xb6d0 DEFINED (__Interrupt113)?<code 339> (__Interrupt113):<code 339> (__DefaultInterrupt)
                  0x0000f8          0x4 LONG 0xb6d0 DEFINED (__Interrupt114)?<code 339> (__Interrupt114):<code 339> (__DefaultInterrupt)
                  0x0000fa          0x4 LONG 0xb6d0 DEFINED (__Interrupt115)?<code 339> (__Interrupt115):<code 339> (__DefaultInterrupt)
                  0x0000fc          0x4 LONG 0xb6d0 DEFINED (__Interrupt116)?<code 339> (__Interrupt116):<code 339> (__DefaultInterrupt)
                  0x0000fe          0x4 LONG 0xb6d0 DEFINED (__Interrupt117)?<code 339> (__Interrupt117):<code 339> (__DefaultInterrupt)

.aivt             0x000104         0xfc
                  0x000104          0x4 LONG 0xb6d0 DEFINED (__AltReservedTrap0)?<code 339> (__AltReservedTrap0):DEFINED (__ReservedTrap0)?<code 339> (__ReservedTrap0):<code 339> (__DefaultInterrupt)
                  0x000106          0x4 LONG 0xb6cc DEFINED (__AltOscillatorFail)?<code 339> (__AltOscillatorFail):DEFINED (__OscillatorFail)?<code 339> (__OscillatorFail):<code 339> (__DefaultInterrupt)
                  0x000108          0x4 LONG 0xb6c8 DEFINED (__AltAddressError)?<code 339> (__AltAddressError):DEFINED (__AddressError)?<code 339> (__AddressError):<code 339> (__DefaultInterrupt)
                  0x00010a          0x4 LONG 0xb6c4 DEFINED (__AltStackError)?<code 339> (__AltStackError):DEFINED (__StackError)?<code 339> (__StackError):<code 339> (__DefaultInterrupt)
                  0x00010c          0x4 LONG 0xb6c0 DEFINED (__AltMathError)?<code 339> (__AltMathError):DEFINED (__MathError)?<code 339> (__MathError):<code 339> (__DefaultInterrupt)
                  0x00010e          0x4 LONG 0xb6d0 DEFINED (__AltDMACError)?<code 339> (__AltDMACError):DEFINED (__DMACError)?<code 339> (__DMACError):<code 339> (__DefaultInterrupt)
                  0x000110          0x4 LONG 0xb6d0 DEFINED (__AltReservedTrap6)?<code 339> (__AltReservedTrap6):DEFINED (__ReservedTrap6)?<code 339> (__ReservedTrap6):<code 339> (__DefaultInterrupt)
                  0x000112          0x4 LONG 0xb6d0 DEFINED (__AltReservedTrap7)?<code 339> (__AltReservedTrap7):DEFINED (__ReservedTrap7)?<code 339> (__ReservedTrap7):<code 339> (__DefaultInterrupt)
                  0x000114          0x4 LONG 0xb6d0 DEFINED (__AltINT0Interrupt)?<code 339> (__AltINT0Interrupt):DEFINED (__INT0Interrupt)?<code 339> (__INT0Interrupt):<code 339> (__DefaultInterrupt)
                  0x000116          0x4 LONG 0x7044 DEFINED (__AltIC1Interrupt)?<code 339> (__AltIC1Interrupt):DEFINED (__IC1Interrupt)?<code 339> (__IC1Interrupt):<code 339> (__DefaultInterrupt)
                  0x000118          0x4 LONG 0x50a0 DEFINED (__AltOC1Interrupt)?<code 339> (__AltOC1Interrupt):DEFINED (__OC1Interrupt)?<code 339> (__OC1Interrupt):<code 339> (__DefaultInterrupt)
                  0x00011a          0x4 LONG 0xad02 DEFINED (__AltT1Interrupt)?<code 339> (__AltT1Interrupt):DEFINED (__T1Interrupt)?<code 339> (__T1Interrupt):<code 339> (__DefaultInterrupt)
                  0x00011c          0x4 LONG 0x8acc DEFINED (__AltDMA0Interrupt)?<code 339> (__AltDMA0Interrupt):DEFINED (__DMA0Interrupt)?<code 339> (__DMA0Interrupt):<code 339> (__DefaultInterrupt)
                  0x00011e          0x4 LONG 0x7078 DEFINED (__AltIC2Interrupt)?<code 339> (__AltIC2Interrupt):DEFINED (__IC2Interrupt)?<code 339> (__IC2Interrupt):<code 339> (__DefaultInterrupt)
                  0x000120          0x4 LONG 0x50ce DEFINED (__AltOC2Interrupt)?<code 339> (__AltOC2Interrupt):DEFINED (__OC2Interrupt)?<code 339> (__OC2Interrupt):<code 339> (__DefaultInterrupt)
                  0x000122          0x4 LONG 0x7032 DEFINED (__AltT2Interrupt)?<code 339> (__AltT2Interrupt):DEFINED (__T2Interrupt)?<code 339> (__T2Interrupt):<code 339> (__DefaultInterrupt)
                  0x000124          0x4 LONG 0x4e30 DEFINED (__AltT3Interrupt)?<code 339> (__AltT3Interrupt):DEFINED (__T3Interrupt)?<code 339> (__T3Interrupt):<code 339> (__DefaultInterrupt)
                  0x000126          0x4 LONG 0xb6d0 DEFINED (__AltSPI1ErrInterrupt)?<code 339> (__AltSPI1ErrInterrupt):DEFINED (__SPI1ErrInterrupt)?<code 339> (__SPI1ErrInterrupt):<code 339> (__DefaultInterrupt)
                  0x000128          0x4 LONG 0xb6d0 DEFINED (__AltSPI1Interrupt)?<code 339> (__AltSPI1Interrupt):DEFINED (__SPI1Interrupt)?<code 339> (__SPI1Interrupt):<code 339> (__DefaultInterrupt)
                  0x00012a          0x4 LONG 0x91e8 DEFINED (__AltU1RXInterrupt)?<code 339> (__AltU1RXInterrupt):DEFINED (__U1RXInterrupt)?<code 339> (__U1RXInterrupt):<code 339> (__DefaultInterrupt)
                  0x00012c          0x4 LONG 0x9308 DEFINED (__AltU1TXInterrupt)?<code 339> (__AltU1TXInterrupt):DEFINED (__U1TXInterrupt)?<code 339> (__U1TXInterrupt):<code 339> (__DefaultInterrupt)
                  0x00012e          0x4 LONG 0xb6d0 DEFINED (__AltADC1Interrupt)?<code 339> (__AltADC1Interrupt):DEFINED (__ADC1Interrupt)?<code 339> (__ADC1Interrupt):<code 339> (__DefaultInterrupt)
                  0x000130          0x4 LONG 0xb6d0 DEFINED (__AltDMA1Interrupt)?<code 339> (__AltDMA1Interrupt):DEFINED (__DMA1Interrupt)?<code 339> (__DMA1Interrupt):<code 339> (__DefaultInterrupt)
                  0x000132          0x4 LONG 0xb6d0 DEFINED (__AltInterrupt15)?<code 339> (__AltInterrupt15):DEFINED (__Interrupt15)?<code 339> (__Interrupt15):<code 339> (__DefaultInterrupt)
                  0x000134          0x4 LONG 0xb6d0 DEFINED (__AltSI2C1Interrupt)?<code 339> (__AltSI2C1Interrupt):DEFINED (__SI2C1Interrupt)?<code 339> (__SI2C1Interrupt):<code 339> (__DefaultInterrupt)
                  0x000136          0x4 LONG 0xb6d0 DEFINED (__AltMI2C1Interrupt)?<code 339> (__AltMI2C1Interrupt):DEFINED (__MI2C1Interrupt)?<code 339> (__MI2C1Interrupt):<code 339> (__DefaultInterrupt)
                  0x000138          0x4 LONG 0xb6d0 DEFINED (__AltInterrupt18)?<code 339> (__AltInterrupt18):DEFINED (__Interrupt18)?<code 339> (__Interrupt18):<code 339> (__DefaultInterrupt)
                  0x00013a          0x4 LONG 0xb6d0 DEFINED (__AltCNInterrupt)?<code 339> (__AltCNInterrupt):DEFINED (__CNInterrupt)?<code 339> (__CNInterrupt):<code 339> (__DefaultInterrupt)
                  0x00013c          0x4 LONG 0x5858 DEFINED (__AltINT1Interrupt)?<code 339> (__AltINT1Interrupt):DEFINED (__INT1Interrupt)?<code 339> (__INT1Interrupt):<code 339> (__DefaultInterrupt)
                  0x00013e          0x4 LONG 0x8bcc DEFINED (__AltADC2Interrupt)?<code 339> (__AltADC2Interrupt):DEFINED (__ADC2Interrupt)?<code 339> (__ADC2Interrupt):<code 339> (__DefaultInterrupt)
                  0x000140          0x4 LONG 0x7190 DEFINED (__AltIC7Interrupt)?<code 339> (__AltIC7Interrupt):DEFINED (__IC7Interrupt)?<code 339> (__IC7Interrupt):<code 339> (__DefaultInterrupt)
                  0x000142          0x4 LONG 0x71c8 DEFINED (__AltIC8Interrupt)?<code 339> (__AltIC8Interrupt):DEFINED (__IC8Interrupt)?<code 339> (__IC8Interrupt):<code 339> (__DefaultInterrupt)
                  0x000144          0x4 LONG 0xb6d0 DEFINED (__AltDMA2Interrupt)?<code 339> (__AltDMA2Interrupt):DEFINED (__DMA2Interrupt)?<code 339> (__DMA2Interrupt):<code 339> (__DefaultInterrupt)
                  0x000146          0x4 LONG 0x50fc DEFINED (__AltOC3Interrupt)?<code 339> (__AltOC3Interrupt):DEFINED (__OC3Interrupt)?<code 339> (__OC3Interrupt):<code 339> (__DefaultInterrupt)
                  0x000148          0x4 LONG 0x512a DEFINED (__AltOC4Interrupt)?<code 339> (__AltOC4Interrupt):DEFINED (__OC4Interrupt)?<code 339> (__OC4Interrupt):<code 339> (__DefaultInterrupt)
                  0x00014a          0x4 LONG 0xad9c DEFINED (__AltT4Interrupt)?<code 339> (__AltT4Interrupt):DEFINED (__T4Interrupt)?<code 339> (__T4Interrupt):<code 339> (__DefaultInterrupt)
                  0x00014c          0x4 LONG 0xad7c DEFINED (__AltT5Interrupt)?<code 339> (__AltT5Interrupt):DEFINED (__T5Interrupt)?<code 339> (__T5Interrupt):<code 339> (__DefaultInterrupt)
                  0x00014e          0x4 LONG 0x5b50 DEFINED (__AltINT2Interrupt)?<code 339> (__AltINT2Interrupt):DEFINED (__INT2Interrupt)?<code 339> (__INT2Interrupt):<code 339> (__DefaultInterrupt)
                  0x000150          0x4 LONG 0x93ce DEFINED (__AltU2RXInterrupt)?<code 339> (__AltU2RXInterrupt):DEFINED (__U2RXInterrupt)?<code 339> (__U2RXInterrupt):<code 339> (__DefaultInterrupt)
                  0x000152          0x4 LONG 0x94ca DEFINED (__AltU2TXInterrupt)?<code 339> (__AltU2TXInterrupt):DEFINED (__U2TXInterrupt)?<code 339> (__U2TXInterrupt):<code 339> (__DefaultInterrupt)
                  0x000154          0x4 LONG 0xb6d0 DEFINED (__AltSPI2ErrInterrupt)?<code 339> (__AltSPI2ErrInterrupt):DEFINED (__SPI2ErrInterrupt)?<code 339> (__SPI2ErrInterrupt):<code 339> (__DefaultInterrupt)
                  0x000156          0x4 LONG 0xb6d0 DEFINED (__AltSPI2Interrupt)?<code 339> (__AltSPI2Interrupt):DEFINED (__SPI2Interrupt)?<code 339> (__SPI2Interrupt):<code 339> (__DefaultInterrupt)
                  0x000158          0x4 LONG 0xb6d0 DEFINED (__AltC1RxRdyInterrupt)?<code 339> (__AltC1RxRdyInterrupt):DEFINED (__C1RxRdyInterrupt)?<code 339> (__C1RxRdyInterrupt):<code 339> (__DefaultInterrupt)
                  0x00015a          0x4 LONG 0xb6d0 DEFINED (__AltC1Interrupt)?<code 339> (__AltC1Interrupt):DEFINED (__C1Interrupt)?<code 339> (__C1Interrupt):<code 339> (__DefaultInterrupt)
                  0x00015c          0x4 LONG 0xb6d0 DEFINED (__AltDMA3Interrupt)?<code 339> (__AltDMA3Interrupt):DEFINED (__DMA3Interrupt)?<code 339> (__DMA3Interrupt):<code 339> (__DefaultInterrupt)
                  0x00015e          0x4 LONG 0x70b0 DEFINED (__AltIC3Interrupt)?<code 339> (__AltIC3Interrupt):DEFINED (__IC3Interrupt)?<code 339> (__IC3Interrupt):<code 339> (__DefaultInterrupt)
                  0x000160          0x4 LONG 0x70e8 DEFINED (__AltIC4Interrupt)?<code 339> (__AltIC4Interrupt):DEFINED (__IC4Interrupt)?<code 339> (__IC4Interrupt):<code 339> (__DefaultInterrupt)
                  0x000162          0x4 LONG 0x7120 DEFINED (__AltIC5Interrupt)?<code 339> (__AltIC5Interrupt):DEFINED (__IC5Interrupt)?<code 339> (__IC5Interrupt):<code 339> (__DefaultInterrupt)
                  0x000164          0x4 LONG 0x7158 DEFINED (__AltIC6Interrupt)?<code 339> (__AltIC6Interrupt):DEFINED (__IC6Interrupt)?<code 339> (__IC6Interrupt):<code 339> (__DefaultInterrupt)
                  0x000166          0x4 LONG 0x5158 DEFINED (__AltOC5Interrupt)?<code 339> (__AltOC5Interrupt):DEFINED (__OC5Interrupt)?<code 339> (__OC5Interrupt):<code 339> (__DefaultInterrupt)
                  0x000168          0x4 LONG 0x5186 DEFINED (__AltOC6Interrupt)?<code 339> (__AltOC6Interrupt):DEFINED (__OC6Interrupt)?<code 339> (__OC6Interrupt):<code 339> (__DefaultInterrupt)
                  0x00016a          0x4 LONG 0x51b4 DEFINED (__AltOC7Interrupt)?<code 339> (__AltOC7Interrupt):DEFINED (__OC7Interrupt)?<code 339> (__OC7Interrupt):<code 339> (__DefaultInterrupt)
                  0x00016c          0x4 LONG 0x51e2 DEFINED (__AltOC8Interrupt)?<code 339> (__AltOC8Interrupt):DEFINED (__OC8Interrupt)?<code 339> (__OC8Interrupt):<code 339> (__DefaultInterrupt)
                  0x00016e          0x4 LONG 0xb6d0 DEFINED (__AltInterrupt45)?<code 339> (__AltInterrupt45):DEFINED (__Interrupt45)?<code 339> (__Interrupt45):<code 339> (__DefaultInterrupt)
                  0x000170          0x4 LONG 0xb6d0 DEFINED (__AltDMA4Interrupt)?<code 339> (__AltDMA4Interrupt):DEFINED (__DMA4Interrupt)?<code 339> (__DMA4Interrupt):<code 339> (__DefaultInterrupt)
                  0x000172          0x4 LONG 0xb6d0 DEFINED (__AltT6Interrupt)?<code 339> (__AltT6Interrupt):DEFINED (__T6Interrupt)?<code 339> (__T6Interrupt):<code 339> (__DefaultInterrupt)
                  0x000174          0x4 LONG 0xb6d0 DEFINED (__AltT7Interrupt)?<code 339> (__AltT7Interrupt):DEFINED (__T7Interrupt)?<code 339> (__T7Interrupt):<code 339> (__DefaultInterrupt)
                  0x000176          0x4 LONG 0xb6d0 DEFINED (__AltSI2C2Interrupt)?<code 339> (__AltSI2C2Interrupt):DEFINED (__SI2C2Interrupt)?<code 339> (__SI2C2Interrupt):<code 339> (__DefaultInterrupt)
                  0x000178          0x4 LONG 0x6498 DEFINED (__AltMI2C2Interrupt)?<code 339> (__AltMI2C2Interrupt):DEFINED (__MI2C2Interrupt)?<code 339> (__MI2C2Interrupt):<code 339> (__DefaultInterrupt)
                  0x00017a          0x4 LONG 0xb6d0 DEFINED (__AltT8Interrupt)?<code 339> (__AltT8Interrupt):DEFINED (__T8Interrupt)?<code 339> (__T8Interrupt):<code 339> (__DefaultInterrupt)
                  0x00017c          0x4 LONG 0xb6d0 DEFINED (__AltT9Interrupt)?<code 339> (__AltT9Interrupt):DEFINED (__T9Interrupt)?<code 339> (__T9Interrupt):<code 339> (__DefaultInterrupt)
                  0x00017e          0x4 LONG 0xb6d0 DEFINED (__AltINT3Interrupt)?<code 339> (__AltINT3Interrupt):DEFINED (__INT3Interrupt)?<code 339> (__INT3Interrupt):<code 339> (__DefaultInterrupt)
                  0x000180          0x4 LONG 0xb6d0 DEFINED (__AltINT4Interrupt)?<code 339> (__AltINT4Interrupt):DEFINED (__INT4Interrupt)?<code 339> (__INT4Interrupt):<code 339> (__DefaultInterrupt)
                  0x000182          0x4 LONG 0xb6d0 DEFINED (__AltC2RxRdyInterrupt)?<code 339> (__AltC2RxRdyInterrupt):DEFINED (__C2RxRdyInterrupt)?<code 339> (__C2RxRdyInterrupt):<code 339> (__DefaultInterrupt)
                  0x000184          0x4 LONG 0xb6d0 DEFINED (__AltC2Interrupt)?<code 339> (__AltC2Interrupt):DEFINED (__C2Interrupt)?<code 339> (__C2Interrupt):<code 339> (__DefaultInterrupt)
                  0x000186          0x4 LONG 0xb6d0 DEFINED (__AltInterrupt57)?<code 339> (__AltInterrupt57):DEFINED (__Interrupt57)?<code 339> (__Interrupt57):<code 339> (__DefaultInterrupt)
                  0x000188          0x4 LONG 0xb6d0 DEFINED (__AltInterrupt58)?<code 339> (__AltInterrupt58):DEFINED (__Interrupt58)?<code 339> (__Interrupt58):<code 339> (__DefaultInterrupt)
                  0x00018a          0x4 LONG 0xb6d0 DEFINED (__AltDCIErrInterrupt)?<code 339> (__AltDCIErrInterrupt):DEFINED (__DCIErrInterrupt)?<code 339> (__DCIErrInterrupt):<code 339> (__DefaultInterrupt)
                  0x00018c          0x4 LONG 0xb6d0 DEFINED (__AltDCIInterrupt)?<code 339> (__AltDCIInterrupt):DEFINED (__DCIInterrupt)?<code 339> (__DCIInterrupt):<code 339> (__DefaultInterrupt)
                  0x00018e          0x4 LONG 0xb6d0 DEFINED (__AltDMA5Interrupt)?<code 339> (__AltDMA5Interrupt):DEFINED (__DMA5Interrupt)?<code 339> (__DMA5Interrupt):<code 339> (__DefaultInterrupt)
                  0x000190          0x4 LONG 0xb6d0 DEFINED (__AltInterrupt62)?<code 339> (__AltInterrupt62):DEFINED (__Interrupt62)?<code 339> (__Interrupt62):<code 339> (__DefaultInterrupt)
                  0x000192          0x4 LONG 0xb6d0 DEFINED (__AltInterrupt63)?<code 339> (__AltInterrupt63):DEFINED (__Interrupt63)?<code 339> (__Interrupt63):<code 339> (__DefaultInterrupt)
                  0x000194          0x4 LONG 0xb6d0 DEFINED (__AltInterrupt64)?<code 339> (__AltInterrupt64):DEFINED (__Interrupt64)?<code 339> (__Interrupt64):<code 339> (__DefaultInterrupt)
                  0x000196          0x4 LONG 0xb6d0 DEFINED (__AltU1ErrInterrupt)?<code 339> (__AltU1ErrInterrupt):DEFINED (__U1ErrInterrupt)?<code 339> (__U1ErrInterrupt):<code 339> (__DefaultInterrupt)
                  0x000198          0x4 LONG 0xb6d0 DEFINED (__AltU2ErrInterrupt)?<code 339> (__AltU2ErrInterrupt):DEFINED (__U2ErrInterrupt)?<code 339> (__U2ErrInterrupt):<code 339> (__DefaultInterrupt)
                  0x00019a          0x4 LONG 0xb6d0 DEFINED (__AltInterrupt67)?<code 339> (__AltInterrupt67):DEFINED (__Interrupt67)?<code 339> (__Interrupt67):<code 339> (__DefaultInterrupt)
                  0x00019c          0x4 LONG 0xb6d0 DEFINED (__AltDMA6Interrupt)?<code 339> (__AltDMA6Interrupt):DEFINED (__DMA6Interrupt)?<code 339> (__DMA6Interrupt):<code 339> (__DefaultInterrupt)
                  0x00019e          0x4 LONG 0xb6d0 DEFINED (__AltDMA7Interrupt)?<code 339> (__AltDMA7Interrupt):DEFINED (__DMA7Interrupt)?<code 339> (__DMA7Interrupt):<code 339> (__DefaultInterrupt)
                  0x0001a0          0x4 LONG 0xb6d0 DEFINED (__AltC1TxReqInterrupt)?<code 339> (__AltC1TxReqInterrupt):DEFINED (__C1TxReqInterrupt)?<code 339> (__C1TxReqInterrupt):<code 339> (__DefaultInterrupt)
                  0x0001a2          0x4 LONG 0xb6d0 DEFINED (__AltC2TxReqInterrupt)?<code 339> (__AltC2TxReqInterrupt):DEFINED (__C2TxReqInterrupt)?<code 339> (__C2TxReqInterrupt):<code 339> (__DefaultInterrupt)
                  0x0001a4          0x4 LONG 0xb6d0 DEFINED (__AltInterrupt72)?<code 339> (__AltInterrupt72):DEFINED (__Interrupt72)?<code 339> (__Interrupt72):<code 339> (__DefaultInterrupt)
                  0x0001a6          0x4 LONG 0xb6d0 DEFINED (__AltInterrupt73)?<code 339> (__AltInterrupt73):DEFINED (__Interrupt73)?<code 339> (__Interrupt73):<code 339> (__DefaultInterrupt)
                  0x0001a8          0x4 LONG 0xb6d0 DEFINED (__AltInterrupt74)?<code 339> (__AltInterrupt74):DEFINED (__Interrupt74)?<code 339> (__Interrupt74):<code 339> (__DefaultInterrupt)
                  0x0001aa          0x4 LONG 0xb6d0 DEFINED (__AltInterrupt75)?<code 339> (__AltInterrupt75):DEFINED (__Interrupt75)?<code 339> (__Interrupt75):<code 339> (__DefaultInterrupt)
                  0x0001ac          0x4 LONG 0xb6d0 DEFINED (__AltInterrupt76)?<code 339> (__AltInterrupt76):DEFINED (__Interrupt76)?<code 339> (__Interrupt76):<code 339> (__DefaultInterrupt)
                  0x0001ae          0x4 LONG 0xb6d0 DEFINED (__AltInterrupt77)?<code 339> (__AltInterrupt77):DEFINED (__Interrupt77)?<code 339> (__Interrupt77):<code 339> (__DefaultInterrupt)
                  0x0001b0          0x4 LONG 0xb6d0 DEFINED (__AltInterrupt78)?<code 339> (__AltInterrupt78):DEFINED (__Interrupt78)?<code 339> (__Interrupt78):<code 339> (__DefaultInterrupt)
                  0x0001b2          0x4 LONG 0xb6d0 DEFINED (__AltInterrupt79)?<code 339> (__AltInterrupt79):DEFINED (__Interrupt79)?<code 339> (__Interrupt79):<code 339> (__DefaultInterrupt)
                  0x0001b4          0x4 LONG 0xb6d0 DEFINED (__AltInterrupt80)?<code 339> (__AltInterrupt80):DEFINED (__Interrupt80)?<code 339> (__Interrupt80):<code 339> (__DefaultInterrupt)
                  0x0001b6          0x4 LONG 0xb6d0 DEFINED (__AltInterrupt81)?<code 339> (__AltInterrupt81):DEFINED (__Interrupt81)?<code 339> (__Interrupt81):<code 339> (__DefaultInterrupt)
                  0x0001b8          0x4 LONG 0xb6d0 DEFINED (__AltInterrupt82)?<code 339> (__AltInterrupt82):DEFINED (__Interrupt82)?<code 339> (__Interrupt82):<code 339> (__DefaultInterrupt)
                  0x0001ba          0x4 LONG 0xb6d0 DEFINED (__AltInterrupt83)?<code 339> (__AltInterrupt83):DEFINED (__Interrupt83)?<code 339> (__Interrupt83):<code 339> (__DefaultInterrupt)
                  0x0001bc          0x4 LONG 0xb6d0 DEFINED (__AltInterrupt84)?<code 339> (__AltInterrupt84):DEFINED (__Interrupt84)?<code 339> (__Interrupt84):<code 339> (__DefaultInterrupt)
                  0x0001be          0x4 LONG 0xb6d0 DEFINED (__AltInterrupt85)?<code 339> (__AltInterrupt85):DEFINED (__Interrupt85)?<code 339> (__Interrupt85):<code 339> (__DefaultInterrupt)
                  0x0001c0          0x4 LONG 0xb6d0 DEFINED (__AltInterrupt86)?<code 339> (__AltInterrupt86):DEFINED (__Interrupt86)?<code 339> (__Interrupt86):<code 339> (__DefaultInterrupt)
                  0x0001c2          0x4 LONG 0xb6d0 DEFINED (__AltInterrupt87)?<code 339> (__AltInterrupt87):DEFINED (__Interrupt87)?<code 339> (__Interrupt87):<code 339> (__DefaultInterrupt)
                  0x0001c4          0x4 LONG 0xb6d0 DEFINED (__AltInterrupt88)?<code 339> (__AltInterrupt88):DEFINED (__Interrupt88)?<code 339> (__Interrupt88):<code 339> (__DefaultInterrupt)
                  0x0001c6          0x4 LONG 0xb6d0 DEFINED (__AltInterrupt89)?<code 339> (__AltInterrupt89):DEFINED (__Interrupt89)?<code 339> (__Interrupt89):<code 339> (__DefaultInterrupt)
                  0x0001c8          0x4 LONG 0xb6d0 DEFINED (__AltInterrupt90)?<code 339> (__AltInterrupt90):DEFINED (__Interrupt90)?<code 339> (__Interrupt90):<code 339> (__DefaultInterrupt)
                  0x0001ca          0x4 LONG 0xb6d0 DEFINED (__AltInterrupt91)?<code 339> (__AltInterrupt91):DEFINED (__Interrupt91)?<code 339> (__Interrupt91):<code 339> (__DefaultInterrupt)
                  0x0001cc          0x4 LONG 0xb6d0 DEFINED (__AltInterrupt92)?<code 339> (__AltInterrupt92):DEFINED (__Interrupt92)?<code 339> (__Interrupt92):<code 339> (__DefaultInterrupt)
                  0x0001ce          0x4 LONG 0xb6d0 DEFINED (__AltInterrupt93)?<code 339> (__AltInterrupt93):DEFINED (__Interrupt93)?<code 339> (__Interrupt93):<code 339> (__DefaultInterrupt)
                  0x0001d0          0x4 LONG 0xb6d0 DEFINED (__AltInterrupt94)?<code 339> (__AltInterrupt94):DEFINED (__Interrupt94)?<code 339> (__Interrupt94):<code 339> (__DefaultInterrupt)
                  0x0001d2          0x4 LONG 0xb6d0 DEFINED (__AltInterrupt95)?<code 339> (__AltInterrupt95):DEFINED (__Interrupt95)?<code 339> (__Interrupt95):<code 339> (__DefaultInterrupt)
                  0x0001d4          0x4 LONG 0xb6d0 DEFINED (__AltInterrupt96)?<code 339> (__AltInterrupt96):DEFINED (__Interrupt96)?<code 339> (__Interrupt96):<code 339> (__DefaultInterrupt)
                  0x0001d6          0x4 LONG 0xb6d0 DEFINED (__AltInterrupt97)?<code 339> (__AltInterrupt97):DEFINED (__Interrupt97)?<code 339> (__Interrupt97):<code 339> (__DefaultInterrupt)
                  0x0001d8          0x4 LONG 0xb6d0 DEFINED (__AltInterrupt98)?<code 339> (__AltInterrupt98):DEFINED (__Interrupt98)?<code 339> (__Interrupt98):<code 339> (__DefaultInterrupt)
                  0x0001da          0x4 LONG 0xb6d0 DEFINED (__AltInterrupt99)?<code 339> (__AltInterrupt99):DEFINED (__Interrupt99)?<code 339> (__Interrupt99):<code 339> (__DefaultInterrupt)
                  0x0001dc          0x4 LONG 0xb6d0 DEFINED (__AltInterrupt100)?<code 339> (__AltInterrupt100):DEFINED (__Interrupt100)?<code 339> (__Interrupt100):<code 339> (__DefaultInterrupt)
                  0x0001de          0x4 LONG 0xb6d0 DEFINED (__AltInterrupt101)?<code 339> (__AltInterrupt101):DEFINED (__Interrupt101)?<code 339> (__Interrupt101):<code 339> (__DefaultInterrupt)
                  0x0001e0          0x4 LONG 0xb6d0 DEFINED (__AltInterrupt102)?<code 339> (__AltInterrupt102):DEFINED (__Interrupt102)?<code 339> (__Interrupt102):<code 339> (__DefaultInterrupt)
                  0x0001e2          0x4 LONG 0xb6d0 DEFINED (__AltInterrupt103)?<code 339> (__AltInterrupt103):DEFINED (__Interrupt103)?<code 339> (__Interrupt103):<code 339> (__DefaultInterrupt)
                  0x0001e4          0x4 LONG 0xb6d0 DEFINED (__AltInterrupt104)?<code 339> (__AltInterrupt104):DEFINED (__Interrupt104)?<code 339> (__Interrupt104):<code 339> (__DefaultInterrupt)
                  0x0001e6          0x4 LONG 0xb6d0 DEFINED (__AltInterrupt105)?<code 339> (__AltInterrupt105):DEFINED (__Interrupt105)?<code 339> (__Interrupt105):<code 339> (__DefaultInterrupt)
                  0x0001e8          0x4 LONG 0xb6d0 DEFINED (__AltInterrupt106)?<code 339> (__AltInterrupt106):DEFINED (__Interrupt106)?<code 339> (__Interrupt106):<code 339> (__DefaultInterrupt)
                  0x0001ea          0x4 LONG 0xb6d0 DEFINED (__AltInterrupt107)?<code 339> (__AltInterrupt107):DEFINED (__Interrupt107)?<code 339> (__Interrupt107):<code 339> (__DefaultInterrupt)
                  0x0001ec          0x4 LONG 0xb6d0 DEFINED (__AltInterrupt108)?<code 339> (__AltInterrupt108):DEFINED (__Interrupt108)?<code 339> (__Interrupt108):<code 339> (__DefaultInterrupt)
                  0x0001ee          0x4 LONG 0xb6d0 DEFINED (__AltInterrupt109)?<code 339> (__AltInterrupt109):DEFINED (__Interrupt109)?<code 339> (__Interrupt109):<code 339> (__DefaultInterrupt)
                  0x0001f0          0x4 LONG 0xb6d0 DEFINED (__AltInterrupt110)?<code 339> (__AltInterrupt110):DEFINED (__Interrupt110)?<code 339> (__Interrupt110):<code 339> (__DefaultInterrupt)
                  0x0001f2          0x4 LONG 0xb6d0 DEFINED (__AltInterrupt111)?<code 339> (__AltInterrupt111):DEFINED (__Interrupt111)?<code 339> (__Interrupt111):<code 339> (__DefaultInterrupt)
                  0x0001f4          0x4 LONG 0xb6d0 DEFINED (__AltInterrupt112)?<code 339> (__AltInterrupt112):DEFINED (__Interrupt112)?<code 339> (__Interrupt112):<code 339> (__DefaultInterrupt)
                  0x0001f6          0x4 LONG 0xb6d0 DEFINED (__AltInterrupt113)?<code 339> (__AltInterrupt113):DEFINED (__Interrupt113)?<code 339> (__Interrupt113):<code 339> (__DefaultInterrupt)
                  0x0001f8          0x4 LONG 0xb6d0 DEFINED (__AltInterrupt114)?<code 339> (__AltInterrupt114):DEFINED (__Interrupt114)?<code 339> (__Interrupt114):<code 339> (__DefaultInterrupt)
                  0x0001fa          0x4 LONG 0xb6d0 DEFINED (__AltInterrupt115)?<code 339> (__AltInterrupt115):DEFINED (__Interrupt115)?<code 339> (__Interrupt115):<code 339> (__DefaultInterrupt)
                  0x0001fc          0x4 LONG 0xb6d0 DEFINED (__AltInterrupt116)?<code 339> (__AltInterrupt116):DEFINED (__Interrupt116)?<code 339> (__Interrupt116):<code 339> (__DefaultInterrupt)
                  0x0001fe          0x4 LONG 0xb6d0 DEFINED (__AltInterrupt117)?<code 339> (__AltInterrupt117):DEFINED (__Interrupt117)?<code 339> (__Interrupt117):<code 339> (__DefaultInterrupt)
                    0x0000                  WREG0 = 0x0
                    0x0000                  _WREG0 = 0x0
                    0x0002                  WREG1 = 0x2
                    0x0002                  _WREG1 = 0x2
                    0x0004                  WREG2 = 0x4
                    0x0004                  _WREG2 = 0x4
                    0x0006                  WREG3 = 0x6
                    0x0006                  _WREG3 = 0x6
                    0x0008                  WREG4 = 0x8
                    0x0008                  _WREG4 = 0x8
                    0x000a                  WREG5 = 0xa
                    0x000a                  _WREG5 = 0xa
                    0x000c                  WREG6 = 0xc
                    0x000c                  _WREG6 = 0xc
                    0x000e                  WREG7 = 0xe
                    0x000e                  _WREG7 = 0xe
                    0x0010                  WREG8 = 0x10
                    0x0010                  _WREG8 = 0x10
                    0x0012                  WREG9 = 0x12
                    0x0012                  _WREG9 = 0x12
                    0x0014                  WREG10 = 0x14
                    0x0014                  _WREG10 = 0x14
                    0x0016                  WREG11 = 0x16
                    0x0016                  _WREG11 = 0x16
                    0x0018                  WREG12 = 0x18
                    0x0018                  _WREG12 = 0x18
                    0x001a                  WREG13 = 0x1a
                    0x001a                  _WREG13 = 0x1a
                    0x001c                  WREG14 = 0x1c
                    0x001c                  _WREG14 = 0x1c
                    0x001e                  WREG15 = 0x1e
                    0x001e                  _WREG15 = 0x1e
                    0x0020                  SPLIM = 0x20
                    0x0020                  _SPLIM = 0x20
                    0x0022                  ACCAL = 0x22
                    0x0022                  _ACCAL = 0x22
                    0x0024                  ACCAH = 0x24
                    0x0024                  _ACCAH = 0x24
                    0x0026                  ACCAU = 0x26
                    0x0026                  _ACCAU = 0x26
                    0x0028                  ACCBL = 0x28
                    0x0028                  _ACCBL = 0x28
                    0x002a                  ACCBH = 0x2a
                    0x002a                  _ACCBH = 0x2a
                    0x002c                  ACCBU = 0x2c
                    0x002c                  _ACCBU = 0x2c
                    0x002e                  PCL = 0x2e
                    0x002e                  _PCL = 0x2e
                    0x0030                  PCH = 0x30
                    0x0030                  _PCH = 0x30
                    0x0032                  TBLPAG = 0x32
                    0x0032                  _TBLPAG = 0x32
                    0x0034                  PSVPAG = 0x34
                    0x0034                  _PSVPAG = 0x34
                    0x0036                  RCOUNT = 0x36
                    0x0036                  _RCOUNT = 0x36
                    0x0038                  DCOUNT = 0x38
                    0x0038                  _DCOUNT = 0x38
                    0x003a                  DOSTARTL = 0x3a
                    0x003a                  _DOSTARTL = 0x3a
                    0x003c                  DOSTARTH = 0x3c
                    0x003c                  _DOSTARTH = 0x3c
                    0x003e                  DOENDL = 0x3e
                    0x003e                  _DOENDL = 0x3e
                    0x0040                  DOENDH = 0x40
                    0x0040                  _DOENDH = 0x40
                    0x0042                  SR = 0x42
                    0x0042                  _SR = 0x42
                    0x0042                  _SRbits = 0x42
                    0x0044                  CORCON = 0x44
                    0x0044                  _CORCON = 0x44
                    0x0044                  _CORCONbits = 0x44
                    0x0046                  MODCON = 0x46
                    0x0046                  _MODCON = 0x46
                    0x0046                  _MODCONbits = 0x46
                    0x0048                  XMODSRT = 0x48
                    0x0048                  _XMODSRT = 0x48
                    0x004a                  XMODEND = 0x4a
                    0x004a                  _XMODEND = 0x4a
                    0x004c                  YMODSRT = 0x4c
                    0x004c                  _YMODSRT = 0x4c
                    0x004e                  YMODEND = 0x4e
                    0x004e                  _YMODEND = 0x4e
                    0x0050                  XBREV = 0x50
                    0x0050                  _XBREV = 0x50
                    0x0050                  _XBREVbits = 0x50
                    0x0052                  DISICNT = 0x52
                    0x0052                  _DISICNT = 0x52
                    0x0060                  CNEN1 = 0x60
                    0x0060                  _CNEN1 = 0x60
                    0x0060                  _CNEN1bits = 0x60
                    0x0062                  CNEN2 = 0x62
                    0x0062                  _CNEN2 = 0x62
                    0x0062                  _CNEN2bits = 0x62
                    0x0068                  CNPU1 = 0x68
                    0x0068                  _CNPU1 = 0x68
                    0x0068                  _CNPU1bits = 0x68
                    0x006a                  CNPU2 = 0x6a
                    0x006a                  _CNPU2 = 0x6a
                    0x006a                  _CNPU2bits = 0x6a
                    0x0080                  INTCON1 = 0x80
                    0x0080                  _INTCON1 = 0x80
                    0x0080                  _INTCON1bits = 0x80
                    0x0082                  INTCON2 = 0x82
                    0x0082                  _INTCON2 = 0x82
                    0x0082                  _INTCON2bits = 0x82
                    0x0084                  IFS0 = 0x84
                    0x0084                  _IFS0 = 0x84
                    0x0084                  _IFS0bits = 0x84
                    0x0086                  IFS1 = 0x86
                    0x0086                  _IFS1 = 0x86
                    0x0086                  _IFS1bits = 0x86
                    0x0088                  IFS2 = 0x88
                    0x0088                  _IFS2 = 0x88
                    0x0088                  _IFS2bits = 0x88
                    0x008a                  IFS3 = 0x8a
                    0x008a                  _IFS3 = 0x8a
                    0x008a                  _IFS3bits = 0x8a
                    0x008c                  IFS4 = 0x8c
                    0x008c                  _IFS4 = 0x8c
                    0x008c                  _IFS4bits = 0x8c
                    0x0094                  IEC0 = 0x94
                    0x0094                  _IEC0 = 0x94
                    0x0094                  _IEC0bits = 0x94
                    0x0096                  IEC1 = 0x96
                    0x0096                  _IEC1 = 0x96
                    0x0096                  _IEC1bits = 0x96
                    0x0098                  IEC2 = 0x98
                    0x0098                  _IEC2 = 0x98
                    0x0098                  _IEC2bits = 0x98
                    0x009a                  IEC3 = 0x9a
                    0x009a                  _IEC3 = 0x9a
                    0x009a                  _IEC3bits = 0x9a
                    0x009c                  IEC4 = 0x9c
                    0x009c                  _IEC4 = 0x9c
                    0x009c                  _IEC4bits = 0x9c
                    0x00a4                  IPC0 = 0xa4
                    0x00a4                  _IPC0 = 0xa4
                    0x00a4                  _IPC0bits = 0xa4
                    0x00a6                  IPC1 = 0xa6
                    0x00a6                  _IPC1 = 0xa6
                    0x00a6                  _IPC1bits = 0xa6
                    0x00a8                  IPC2 = 0xa8
                    0x00a8                  _IPC2 = 0xa8
                    0x00a8                  _IPC2bits = 0xa8
                    0x00aa                  IPC3 = 0xaa
                    0x00aa                  _IPC3 = 0xaa
                    0x00aa                  _IPC3bits = 0xaa
                    0x00ac                  IPC4 = 0xac
                    0x00ac                  _IPC4 = 0xac
                    0x00ac                  _IPC4bits = 0xac
                    0x00ae                  IPC5 = 0xae
                    0x00ae                  _IPC5 = 0xae
                    0x00ae                  _IPC5bits = 0xae
                    0x00b0                  IPC6 = 0xb0
                    0x00b0                  _IPC6 = 0xb0
                    0x00b0                  _IPC6bits = 0xb0
                    0x00b2                  IPC7 = 0xb2
                    0x00b2                  _IPC7 = 0xb2
                    0x00b2                  _IPC7bits = 0xb2
                    0x00b4                  IPC8 = 0xb4
                    0x00b4                  _IPC8 = 0xb4
                    0x00b4                  _IPC8bits = 0xb4
                    0x00b6                  IPC9 = 0xb6
                    0x00b6                  _IPC9 = 0xb6
                    0x00b6                  _IPC9bits = 0xb6
                    0x00b8                  IPC10 = 0xb8
                    0x00b8                  _IPC10 = 0xb8
                    0x00b8                  _IPC10bits = 0xb8
                    0x00ba                  IPC11 = 0xba
                    0x00ba                  _IPC11 = 0xba
                    0x00ba                  _IPC11bits = 0xba
                    0x00bc                  IPC12 = 0xbc
                    0x00bc                  _IPC12 = 0xbc
                    0x00bc                  _IPC12bits = 0xbc
                    0x00be                  IPC13 = 0xbe
                    0x00be                  _IPC13 = 0xbe
                    0x00be                  _IPC13bits = 0xbe
                    0x00c0                  IPC14 = 0xc0
                    0x00c0                  _IPC14 = 0xc0
                    0x00c0                  _IPC14bits = 0xc0
                    0x00c2                  IPC15 = 0xc2
                    0x00c2                  _IPC15 = 0xc2
                    0x00c2                  _IPC15bits = 0xc2
                    0x00c4                  IPC16 = 0xc4
                    0x00c4                  _IPC16 = 0xc4
                    0x00c4                  _IPC16bits = 0xc4
                    0x00c6                  IPC17 = 0xc6
                    0x00c6                  _IPC17 = 0xc6
                    0x00c6                  _IPC17bits = 0xc6
                    0x00e0                  INTTREG = 0xe0
                    0x00e0                  _INTTREG = 0xe0
                    0x00e0                  _INTTREGbits = 0xe0
                    0x0100                  TMR1 = 0x100
                    0x0100                  _TMR1 = 0x100
                    0x0102                  PR1 = 0x102
                    0x0102                  _PR1 = 0x102
                    0x0104                  T1CON = 0x104
                    0x0104                  _T1CON = 0x104
                    0x0104                  _T1CONbits = 0x104
                    0x0106                  TMR2 = 0x106
                    0x0106                  _TMR2 = 0x106
                    0x0108                  TMR3HLD = 0x108
                    0x0108                  _TMR3HLD = 0x108
                    0x010a                  TMR3 = 0x10a
                    0x010a                  _TMR3 = 0x10a
                    0x010c                  PR2 = 0x10c
                    0x010c                  _PR2 = 0x10c
                    0x010e                  PR3 = 0x10e
                    0x010e                  _PR3 = 0x10e
                    0x0110                  T2CON = 0x110
                    0x0110                  _T2CON = 0x110
                    0x0110                  _T2CONbits = 0x110
                    0x0112                  T3CON = 0x112
                    0x0112                  _T3CON = 0x112
                    0x0112                  _T3CONbits = 0x112
                    0x0114                  TMR4 = 0x114
                    0x0114                  _TMR4 = 0x114
                    0x0116                  TMR5HLD = 0x116
                    0x0116                  _TMR5HLD = 0x116
                    0x0118                  TMR5 = 0x118
                    0x0118                  _TMR5 = 0x118
                    0x011a                  PR4 = 0x11a
                    0x011a                  _PR4 = 0x11a
                    0x011c                  PR5 = 0x11c
                    0x011c                  _PR5 = 0x11c
                    0x011e                  T4CON = 0x11e
                    0x011e                  _T4CON = 0x11e
                    0x011e                  _T4CONbits = 0x11e
                    0x0120                  T5CON = 0x120
                    0x0120                  _T5CON = 0x120
                    0x0120                  _T5CONbits = 0x120
                    0x0122                  TMR6 = 0x122
                    0x0122                  _TMR6 = 0x122
                    0x0124                  TMR7HLD = 0x124
                    0x0124                  _TMR7HLD = 0x124
                    0x0126                  TMR7 = 0x126
                    0x0126                  _TMR7 = 0x126
                    0x0128                  PR6 = 0x128
                    0x0128                  _PR6 = 0x128
                    0x012a                  PR7 = 0x12a
                    0x012a                  _PR7 = 0x12a
                    0x012c                  T6CON = 0x12c
                    0x012c                  _T6CON = 0x12c
                    0x012c                  _T6CONbits = 0x12c
                    0x012e                  T7CON = 0x12e
                    0x012e                  _T7CON = 0x12e
                    0x012e                  _T7CONbits = 0x12e
                    0x0130                  TMR8 = 0x130
                    0x0130                  _TMR8 = 0x130
                    0x0132                  TMR9HLD = 0x132
                    0x0132                  _TMR9HLD = 0x132
                    0x0134                  TMR9 = 0x134
                    0x0134                  _TMR9 = 0x134
                    0x0136                  PR8 = 0x136
                    0x0136                  _PR8 = 0x136
                    0x0138                  PR9 = 0x138
                    0x0138                  _PR9 = 0x138
                    0x013a                  T8CON = 0x13a
                    0x013a                  _T8CON = 0x13a
                    0x013a                  _T8CONbits = 0x13a
                    0x013c                  T9CON = 0x13c
                    0x013c                  _T9CON = 0x13c
                    0x013c                  _T9CONbits = 0x13c
                    0x0140                  IC1BUF = 0x140
                    0x0140                  _IC1BUF = 0x140
                    0x0142                  IC1CON = 0x142
                    0x0142                  _IC1CON = 0x142
                    0x0142                  _IC1CONbits = 0x142
                    0x0144                  IC2BUF = 0x144
                    0x0144                  _IC2BUF = 0x144
                    0x0146                  IC2CON = 0x146
                    0x0146                  _IC2CON = 0x146
                    0x0146                  _IC2CONbits = 0x146
                    0x0148                  IC3BUF = 0x148
                    0x0148                  _IC3BUF = 0x148
                    0x014a                  IC3CON = 0x14a
                    0x014a                  _IC3CON = 0x14a
                    0x014a                  _IC3CONbits = 0x14a
                    0x014c                  IC4BUF = 0x14c
                    0x014c                  _IC4BUF = 0x14c
                    0x014e                  IC4CON = 0x14e
                    0x014e                  _IC4CON = 0x14e
                    0x014e                  _IC4CONbits = 0x14e
                    0x0150                  IC5BUF = 0x150
                    0x0150                  _IC5BUF = 0x150
                    0x0152                  IC5CON = 0x152
                    0x0152                  _IC5CON = 0x152
                    0x0152                  _IC5CONbits = 0x152
                    0x0154                  IC6BUF = 0x154
                    0x0154                  _IC6BUF = 0x154
                    0x0156                  IC6CON = 0x156
                    0x0156                  _IC6CON = 0x156
                    0x0156                  _IC6CONbits = 0x156
                    0x0158                  IC7BUF = 0x158
                    0x0158                  _IC7BUF = 0x158
                    0x015a                  IC7CON = 0x15a
                    0x015a                  _IC7CON = 0x15a
                    0x015a                  _IC7CONbits = 0x15a
                    0x015c                  IC8BUF = 0x15c
                    0x015c                  _IC8BUF = 0x15c
                    0x015e                  IC8CON = 0x15e
                    0x015e                  _IC8CON = 0x15e
                    0x015e                  _IC8CONbits = 0x15e
                    0x0180                  OC1RS = 0x180
                    0x0180                  _OC1RS = 0x180
                    0x0182                  OC1R = 0x182
                    0x0182                  _OC1R = 0x182
                    0x0184                  OC1CON = 0x184
                    0x0184                  _OC1CON = 0x184
                    0x0184                  _OC1CONbits = 0x184
                    0x0186                  OC2RS = 0x186
                    0x0186                  _OC2RS = 0x186
                    0x0188                  OC2R = 0x188
                    0x0188                  _OC2R = 0x188
                    0x018a                  OC2CON = 0x18a
                    0x018a                  _OC2CON = 0x18a
                    0x018a                  _OC2CONbits = 0x18a
                    0x018c                  OC3RS = 0x18c
                    0x018c                  _OC3RS = 0x18c
                    0x018e                  OC3R = 0x18e
                    0x018e                  _OC3R = 0x18e
                    0x0190                  OC3CON = 0x190
                    0x0190                  _OC3CON = 0x190
                    0x0190                  _OC3CONbits = 0x190
                    0x0192                  OC4RS = 0x192
                    0x0192                  _OC4RS = 0x192
                    0x0194                  OC4R = 0x194
                    0x0194                  _OC4R = 0x194
                    0x0196                  OC4CON = 0x196
                    0x0196                  _OC4CON = 0x196
                    0x0196                  _OC4CONbits = 0x196
                    0x0198                  OC5RS = 0x198
                    0x0198                  _OC5RS = 0x198
                    0x019a                  OC5R = 0x19a
                    0x019a                  _OC5R = 0x19a
                    0x019c                  OC5CON = 0x19c
                    0x019c                  _OC5CON = 0x19c
                    0x019c                  _OC5CONbits = 0x19c
                    0x019e                  OC6RS = 0x19e
                    0x019e                  _OC6RS = 0x19e
                    0x01a0                  OC6R = 0x1a0
                    0x01a0                  _OC6R = 0x1a0
                    0x01a2                  OC6CON = 0x1a2
                    0x01a2                  _OC6CON = 0x1a2
                    0x01a2                  _OC6CONbits = 0x1a2
                    0x01a4                  OC7RS = 0x1a4
                    0x01a4                  _OC7RS = 0x1a4
                    0x01a6                  OC7R = 0x1a6
                    0x01a6                  _OC7R = 0x1a6
                    0x01a8                  OC7CON = 0x1a8
                    0x01a8                  _OC7CON = 0x1a8
                    0x01a8                  _OC7CONbits = 0x1a8
                    0x01aa                  OC8RS = 0x1aa
                    0x01aa                  _OC8RS = 0x1aa
                    0x01ac                  OC8R = 0x1ac
                    0x01ac                  _OC8R = 0x1ac
                    0x01ae                  OC8CON = 0x1ae
                    0x01ae                  _OC8CON = 0x1ae